Sep-30 20:44:48.493 [main] DEBUG nextflow.cli.Launcher - $> nextflow run nf-core/differentialabundance -r 2.0.0 -profile docker -c nextflow.config --input sample_sheet.csv --contrasts contrasts.csv --matrix matrix.csv --feature_length_matrix lengths_matrix.csv --features features.csv --outdir differentialabundance_output
Sep-30 20:44:48.573 [main] DEBUG nextflow.cli.CmdRun - N E X T F L O W  ~  version 26.04.6
Sep-30 20:44:48.597 [main] DEBUG nextflow.plugin.PluginsFacade - Setting up plugin manager > mode=prod; embedded=false; plugins-dir=/home/nina/.nextflow/plugins; core-plugins: nf-amazon@3.9.2,nf-azure@1.22.6,nf-cloudcache@0.6.0,nf-codecommit@0.5.3,nf-console@1.3.0,nf-google@1.27.3,nf-k8s@1.5.4,nf-seqera@0.21.1,nf-tower@1.28.2,nf-wave@1.21.0
Sep-30 20:44:48.616 [main] INFO  o.pf4j.DefaultPluginStatusProvider - Enabled plugins: []
Sep-30 20:44:48.617 [main] INFO  o.pf4j.DefaultPluginStatusProvider - Disabled plugins: []
Sep-30 20:44:48.619 [main] INFO  org.pf4j.DefaultPluginManager - PF4J version 3.14.1 in 'deployment' mode
Sep-30 20:44:48.636 [main] DEBUG nextflow.util.RetryConfig - Missing nextflow session - using default retry config
Sep-30 20:44:48.743 [main] DEBUG nextflow.plugin.PluginUpdater - Using plugin repository: HttpPluginRepository [registry]; url=https://registry.nextflow.io/api
Sep-30 20:44:48.747 [main] INFO  org.pf4j.AbstractPluginManager - No plugins
Sep-30 20:44:48.755 [main] DEBUG nextflow.scm.ProviderConfig - Using SCM config path: /home/nina/.nextflow/scm
Sep-30 20:44:48.767 [main] DEBUG nextflow.scm.AssetManager - Selecting multi-revision strategy
Sep-30 20:44:48.896 [main] DEBUG nextflow.config.ConfigParserFactory - Using config parser v2
Sep-30 20:44:49.493 [main] DEBUG nextflow.scm.AssetManager - Git config: /home/nina/.nextflow/assets/.repos/nf-core/differentialabundance/bare/config; branch: master; remote: origin; url: https://github.com/nf-core/differentialabundance.git
Sep-30 20:44:49.527 [main] DEBUG nextflow.scm.RepositoryFactory - Found Git repository result: [RepositoryFactory]
Sep-30 20:44:49.537 [main] DEBUG nextflow.scm.AssetManager - Git config: /home/nina/.nextflow/assets/.repos/nf-core/differentialabundance/bare/config; branch: master; remote: origin; url: https://github.com/nf-core/differentialabundance.git
Sep-30 20:44:50.788 [main] DEBUG nextflow.config.ConfigBuilder - Found config base: /home/nina/.nextflow/assets/.repos/nf-core/differentialabundance/clones/30ed7741fc392127156c2fb10cfa3d69d216b54b/nextflow.config
Sep-30 20:44:50.789 [main] DEBUG nextflow.config.ConfigBuilder - Found config local: /home/nina/computational-workflows-2026/day_03/nextflow.config
Sep-30 20:44:50.790 [main] DEBUG nextflow.config.ConfigBuilder - User config file: /home/nina/computational-workflows-2026/day_03/nextflow.config
Sep-30 20:44:50.791 [main] DEBUG nextflow.config.ConfigBuilder - Parsing config file: /home/nina/.nextflow/assets/.repos/nf-core/differentialabundance/clones/30ed7741fc392127156c2fb10cfa3d69d216b54b/nextflow.config
Sep-30 20:44:50.791 [main] DEBUG nextflow.config.ConfigBuilder - Parsing config file: /home/nina/computational-workflows-2026/day_03/nextflow.config
Sep-30 20:44:50.791 [main] DEBUG nextflow.config.ConfigBuilder - Parsing config file: /home/nina/computational-workflows-2026/day_03/nextflow.config
Sep-30 20:44:50.793 [main] DEBUG nextflow.config.ConfigParserFactory - Using config parser v2
Sep-30 20:44:50.802 [main] DEBUG nextflow.config.ConfigBuilder - Applying config profile: `docker`
Sep-30 20:44:52.222 [main] DEBUG nextflow.config.ConfigBuilder - Applying config profile: `docker`
Sep-30 20:44:52.235 [main] DEBUG nextflow.config.ConfigBuilder - Applying config profile: `docker`
Sep-30 20:44:52.242 [main] DEBUG nextflow.config.ConfigBuilder - Available config profiles: [debug, conda, mamba, docker, arm64, emulate_amd64, singularity, podman, shifter, charliecloud, apptainer, wave, gpu, rnaseq, rnaseq_deseq2_gsea, rnaseq_deseq2_gprofiler2, rnaseq_limma, rnaseq_limma_gsea, rnaseq_limma_gprofiler2, rnaseq_limma_decoupler, rnaseq_dream, rnaseq_dream_decoupler, rnaseq_propd, rnaseq_propd_grea, affy, affy_limma_gsea, affy_limma_gprofiler2, maxquant, soft, generic_matrix, generic_matrix_dream, test, test_full, cache_default, test_rnaseq_deseq2_gsea, test_rnaseq_deseq2_gprofiler2, test_rnaseq_limma_gsea, test_rnaseq_limma_gprofiler2, test_rnaseq_limma_decoupler, test_rnaseq_dream_decoupler, test_rnaseq_propd_grea, test_affy_limma_gsea, test_affy_limma_gprofiler2, test_maxquant, test_soft, abims, adcra, alice, alliance_canada, apollo, arcc, aws_tower, awsbatch, azurebatch, bi, bigpurple, bih, binac2, biohpc_gen, biowulf, bluebear, cambridge, cannon, cbe, ccga_dx, ccga_cau, ceci_dragon2, ceci_nic5, cedars, ceres, cfc, cfc_dev, cheaha, computerome, create, crg, crick, cropdiversityhpc, crukmi, csiro_petrichor, czbiohub_aws, daisybio, denbi_qbic, dkfz, dirac, ebc, eddie, ebi_codon, ebi_codon_slurm, einstein, embl_hd, engaging, ethz_euler, eva, eva_grace, fgcz, fred_hutch, fsu_draco, fub_curta, genotoul, genouest, giga, gis, googlebatch, hasta, hazel, hki_genie, hypatia, humantechnopole, icr_alma, ifb_core, imb, imperial, incliva, ipop_up, iris, janelia, jax, jex, unsw_katana, ku_sund_danhead, kaust, kelvin2, ki_luria, leicester, lovelace, lrz_cm4, lugh, m3c, maestro, mahuika, mana, marjorie, marvin, mccleary, mcw_rcc, medair, mjolnir_globe, mpcdf, mpcdf_viper, mssm, munin, naiss, nci_gadi, nu_genomics, nygc, nyu_hpc, oist, palmetto, pasteur, pawsey_setonix, pdc_kth, phoenix, psmn, purdue_bell, purdue_gautschi, purdue_negishi, qmul_apocrita, rki, rosalind, rosalind_uge, roslin, saga_sigma2, sage, sahmri, sanger, ilifu, seadragon, seattlechildrens, seawulf, seg_globe, self_hosted_runner, shu_bmrc, stjude, tes, tigem, tubingen_apg, tufts, tuos_stanage, ucd_sonic, ucl_cscluster, ucl_myriad, uct_hpc, uge, unc_lccc, unc_longleaf, unibe_ibu, unity, uod_hpc, uppmax, utd_juno, uw_hyak_pedslabs, uzh, uzl_omics, vai, verily_workbench, vsc_calcua, vsc_kul_uhasselt, vsc_ugent, wehi, xanadu, york_viking]
Sep-30 20:44:52.308 [main] DEBUG nextflow.plugin.PluginsFacade - Plugins declared=[nf-schema@2.5.1]
Sep-30 20:44:52.309 [main] DEBUG nextflow.plugin.PluginsFacade - Plugins default=[]
Sep-30 20:44:52.309 [main] DEBUG nextflow.plugin.PluginsFacade - Plugins resolved requirement=[nf-schema@2.5.1]
Sep-30 20:44:52.312 [main] DEBUG nextflow.plugin.PluginUpdater - Installing plugin nf-schema version: 2.5.1
Sep-30 20:44:52.322 [main] INFO  org.pf4j.AbstractPluginManager - Plugin 'nf-schema@2.5.1' resolved
Sep-30 20:44:52.322 [main] INFO  org.pf4j.AbstractPluginManager - Start plugin 'nf-schema@2.5.1'
Sep-30 20:44:52.328 [main] DEBUG nextflow.plugin.BasePlugin - Plugin started nf-schema@2.5.1
Sep-30 20:44:52.333 [main] DEBUG n.secret.LocalSecretsProvider - Secrets store: /home/nina/.nextflow/secrets/store.json
Sep-30 20:44:52.336 [main] DEBUG nextflow.secret.SecretsLoader - Discovered secrets providers: [nextflow.secret.LocalSecretsProvider@59a2d756] - activable => nextflow.secret.LocalSecretsProvider@59a2d756
Sep-30 20:44:52.338 [main] DEBUG nextflow.cli.CmdRun - Launching `https://github.com/nf-core/differentialabundance` [agitated_monod] - revision: 30ed7741fc [2.0.0]
Sep-30 20:44:52.340 [main] ERROR org.pf4j.AbstractExtensionFinder - Different class loaders: 'org.pf4j.PluginClassLoader@1d6f77d7' (E) and 'jdk.internal.loader.ClassLoaders$AppClassLoader@5bc2b487' (EP)
Sep-30 20:44:52.368 [main] WARN  nextflow.config.ConfigValidator - Unrecognized config option 'validation.defaultIgnoreParams'
Sep-30 20:44:52.369 [main] WARN  nextflow.config.ConfigValidator - Unrecognized config option 'validation.monochromeLogs'
Sep-30 20:44:52.426 [main] DEBUG nextflow.Session - Session UUID: 236e10b7-6b79-4fde-b7a0-122f37efc805
Sep-30 20:44:52.426 [main] DEBUG nextflow.Session - Run name: agitated_monod
Sep-30 20:44:52.427 [main] DEBUG nextflow.Session - Executor pool size: 22
Sep-30 20:44:52.434 [main] DEBUG nextflow.file.FilePorter - File porter settings maxRetries=3; maxTransfers=50; pollTimeout=null
Sep-30 20:44:52.439 [main] DEBUG nextflow.util.ThreadPoolBuilder - Creating thread pool 'FileTransfer' minSize=10; maxSize=66; workQueue=LinkedBlockingQueue[-1]; allowCoreThreadTimeout=false
Sep-30 20:44:52.454 [main] DEBUG nextflow.cli.CmdRun - 
  Version: 26.04.6 build 12646
  Created: 09-07-2026 18:49 UTC (20:49 CEST)
  System: Linux 7.0.0-34-generic
  Runtime: Groovy 4.0.31 on OpenJDK 64-Bit Server VM 25.0.2-internal-adhoc.rattler.src
  Encoding: UTF-8 (UTF-8)
  Process: 583617@nina-Yoga-Slim-7-14IMH9 [127.0.1.1]
  CPUs: 22 - Mem: 31 GB (5.9 GB) - Swap: 8 GB (8 GB)
Sep-30 20:44:52.465 [main] DEBUG nextflow.Session - Work-dir: /home/nina/computational-workflows-2026/day_03/work [ext2/ext3]
Sep-30 20:44:52.466 [main] DEBUG nextflow.Session - Script base path does not exist or is not a directory: /home/nina/.nextflow/assets/.repos/nf-core/differentialabundance/clones/30ed7741fc392127156c2fb10cfa3d69d216b54b/bin
Sep-30 20:44:52.474 [main] DEBUG nextflow.executor.ExecutorFactory - Extension executors providers=[]
Sep-30 20:44:52.486 [main] DEBUG nextflow.Session - Observer factory (v2): LinObserverFactory
Sep-30 20:44:52.488 [main] DEBUG nextflow.Session - Observer factory (v2): DefaultObserverFactory
Sep-30 20:44:52.500 [main] DEBUG nextflow.Session - Observer factory (v2): ValidationObserverFactory
Sep-30 20:44:52.529 [main] DEBUG nextflow.Session - Unable to resolve dynamic `container` directive -- cause: No such property: workflow for class: nextflow.script.ScriptBinding
Sep-30 20:44:52.545 [main] DEBUG nextflow.cache.CacheFactory - Using Nextflow cache factory: nextflow.cache.DefaultCacheFactory
Sep-30 20:44:52.552 [main] DEBUG nextflow.util.CustomThreadPool - Creating default thread pool > poolSize: 23; maxThreads: 1000
Sep-30 20:44:52.620 [main] DEBUG nextflow.Session - Session start
Sep-30 20:44:52.625 [main] DEBUG nextflow.trace.TraceFileObserver - Workflow started -- trace file: differentialabundance_output/pipeline_info/execution_trace_2026-09-30_20-44-50.txt
Sep-30 20:44:52.627 [main] DEBUG nextflow.script.ScriptLoaderFactory - Using script parser v2
Sep-30 20:44:55.290 [main] DEBUG nextflow.script.ScriptRunner - > Launching execution
Sep-30 20:44:55.298 [main] DEBUG nextflow.script.IncludeDef - Loading included plugin extensions with names: [paramsSummaryLog:paramsSummaryLog]; plugin Id: nf-schema
Sep-30 20:44:55.305 [main] DEBUG n.validation.config.ValidationConfig - Set `validation.monochromeLogs` to false
Sep-30 20:44:55.307 [main] DEBUG n.validation.config.ValidationConfig - Added the following parameters to the ignored parameters: [genomes, igenomes_base]
Sep-30 20:44:55.319 [main] DEBUG nextflow.script.IncludeDef - Loading included plugin extensions with names: [validateParameters:validateParameters]; plugin Id: nf-schema
Sep-30 20:44:55.320 [main] DEBUG nextflow.script.IncludeDef - Loading included plugin extensions with names: [paramsHelp:paramsHelp]; plugin Id: nf-schema
Sep-30 20:44:55.329 [main] DEBUG nextflow.script.IncludeDef - Loading included plugin extensions with names: [paramsSummaryMap:paramsSummaryMap]; plugin Id: nf-schema
Sep-30 20:44:55.330 [main] DEBUG nextflow.script.IncludeDef - Loading included plugin extensions with names: [validate:validate]; plugin Id: nf-schema
Sep-30 20:44:55.622 [main] DEBUG nextflow.script.IncludeDef - Loading included plugin extensions with names: [paramsSummaryMap:paramsSummaryMap]; plugin Id: nf-schema
Sep-30 20:44:55.622 [main] DEBUG nextflow.script.IncludeDef - Loading included plugin extensions with names: [validate:validate]; plugin Id: nf-schema
Sep-30 20:44:55.707 [main] INFO  nextflow.Nextflow - 
-[2m----------------------------------------------------[0m-
                                        [0;32m,--.[0;30m/[0;32m,-.[0m
[0;34m        ___     __   __   __   ___     [0;32m/,-._.--~'[0m
[0;34m  |\ | |__  __ /  ` /  \ |__) |__         [0;33m}  {[0m
[0;34m  | \| |       \__, \__/ |  \ |___     [0;32m\`-._,-`-,[0m
                                        [0;32m`._,._,'[0m
[0;35m  nf-core/differentialabundance 2.0.0[0m
-[2m----------------------------------------------------[0m-

Sep-30 20:44:55.744 [main] INFO  nextflow.Nextflow - [1m[base] Input/output options[0m
  [0;34minput                       : [0;32msample_sheet.csv[0m
  [0;34mcontrasts                   : [0;32mcontrasts.csv[0m
  [0;34moutdir                      : [0;32mdifferentialabundance_output[0m

[1m[base] Abundance values[0m
  [0;34mmatrix                      : [0;32mmatrix.csv[0m
  [0;34mfeature_length_matrix       : [0;32mlengths_matrix.csv[0m

[1m[base] Features options[0m
  [0;34mfeatures                    : [0;32mfeatures.csv[0m

[1m[preprocessing] Filtering[0m
  [0;34mfiltering_min_abundance     : [0;32m1[0m
  [0;34mfiltering_min_samples       : [0;32m1.0[0m

[1m[differential] Differential analysis[0m
  [0;34mdifferential_min_fold_change: [0;32m2.0[0m
  [0;34mdifferential_max_pval       : [0;32m1.0[0m

[1m[differential] Limma specific options[0m
  [0;34mlimma_p_value               : [0;32m1.0[0m

[1mGeneric options[0m
  [0;34mtrace_report_suffix         : [0;32m2026-09-30_20-44-50[0m

[1mCore Nextflow options[0m
  [0;34mrevision                    : [0;32m2.0.0[0m
  [0;34mrunName                     : [0;32magitated_monod[0m
  [0;34mcontainerEngine             : [0;32mdocker[0m
  [0;34mcontainer.QUARTONOTEBOOK    : [0;32m(dynamic resolved)[0m
  [0;34mlaunchDir                   : [0;32m/home/nina/computational-workflows-2026/day_03[0m
  [0;34mworkDir                     : [0;32m/home/nina/computational-workflows-2026/day_03/work[0m
  [0;34mprojectDir                  : [0;32m/home/nina/.nextflow/assets/.repos/nf-core/differentialabundance/clones/30ed7741fc392127156c2fb10cfa3d69d216b54b[0m
  [0;34muserName                    : [0;32mnina[0m
  [0;34mprofile                     : [0;32mdocker[0m
  [0;34mconfigFiles                 : [0;32m/home/nina/.nextflow/assets/.repos/nf-core/differentialabundance/clones/30ed7741fc392127156c2fb10cfa3d69d216b54b/nextflow.config, /home/nina/computational-workflows-2026/day_03/nextflow.config, /home/nina/computational-workflows-2026/day_03/nextflow.config[0m

!! Only displaying parameters that differ from the pipeline defaults !!
-[2m----------------------------------------------------[0m-
Sep-30 20:44:55.745 [main] INFO  nextflow.Nextflow - 
* The pipeline
    https://doi.org/10.5281/zenodo.7568000

* The nf-core framework
    https://doi.org/10.1038/s41587-020-0439-x
* Software dependencies
    https://github.com/nf-core/differentialabundance/blob/master/CITATIONS.md

Sep-30 20:44:55.902 [main] DEBUG n.v.v.evaluators.SchemaEvaluator - Started validating /home/nina/computational-workflows-2026/day_03/sample_sheet.csv
Sep-30 20:44:55.933 [main] DEBUG n.v.v.evaluators.SchemaEvaluator - Validation of file 'sample_sheet.csv' passed!
Sep-30 20:44:55.936 [main] DEBUG n.v.v.evaluators.SchemaEvaluator - Started validating /home/nina/computational-workflows-2026/day_03/contrasts.csv
Sep-30 20:44:55.949 [main] DEBUG n.v.v.evaluators.SchemaEvaluator - Validation of file 'contrasts.csv' passed!
Sep-30 20:44:56.040 [main] DEBUG n.script.dsl.ProcessConfigBuilder - Config settings `withLabel:process_single` matches labels `process_single` for process with name NFCORE_DIFFERENTIALABUNDANCE:DIFFERENTIALABUNDANCE:UNTAR
Sep-30 20:44:56.043 [main] DEBUG nextflow.executor.ExecutorFactory - << taskConfig executor: null
Sep-30 20:44:56.043 [main] DEBUG nextflow.executor.ExecutorFactory - >> processorType: 'local'
Sep-30 20:44:56.048 [main] DEBUG nextflow.executor.Executor - [warm up] executor > local
Sep-30 20:44:56.052 [main] DEBUG n.processor.LocalPollingMonitor - Creating local task monitor for executor 'local' > cpus=22; memory=31 GB; capacity=22; pollInterval=100ms; dumpInterval=5m
Sep-30 20:44:56.053 [main] DEBUG n.processor.TaskPollingMonitor - >>> barrier register (monitor: local)
Sep-30 20:44:56.081 [main] DEBUG nextflow.processor.TaskProcessor - Creating process 'NFCORE_DIFFERENTIALABUNDANCE:DIFFERENTIALABUNDANCE:UNTAR': maxForks=0; fair=false; array=0
Sep-30 20:44:56.123 [main] DEBUG n.script.dsl.ProcessConfigBuilder - Config settings `withLabel:process_single` matches labels `process_single` for process with name NFCORE_DIFFERENTIALABUNDANCE:DIFFERENTIALABUNDANCE:AFFY_JUSTRMA_RAW
Sep-30 20:44:56.126 [main] DEBUG n.script.dsl.ProcessConfigBuilder - Config settings `withName:AFFY_JUSTRMA_RAW` matches process NFCORE_DIFFERENTIALABUNDANCE:DIFFERENTIALABUNDANCE:AFFY_JUSTRMA_RAW
Sep-30 20:44:56.134 [main] DEBUG nextflow.executor.ExecutorFactory - << taskConfig executor: null
Sep-30 20:44:56.135 [main] DEBUG nextflow.executor.ExecutorFactory - >> processorType: 'local'
Sep-30 20:44:56.136 [main] DEBUG nextflow.processor.TaskProcessor - Creating process 'NFCORE_DIFFERENTIALABUNDANCE:DIFFERENTIALABUNDANCE:AFFY_JUSTRMA_RAW': maxForks=0; fair=false; array=0
Sep-30 20:44:56.147 [main] DEBUG n.script.dsl.ProcessConfigBuilder - Config settings `withLabel:process_single` matches labels `process_single` for process with name NFCORE_DIFFERENTIALABUNDANCE:DIFFERENTIALABUNDANCE:AFFY_JUSTRMA_NORM
Sep-30 20:44:56.151 [main] DEBUG n.script.dsl.ProcessConfigBuilder - Config settings `withName:AFFY_JUSTRMA_NORM` matches process NFCORE_DIFFERENTIALABUNDANCE:DIFFERENTIALABUNDANCE:AFFY_JUSTRMA_NORM
Sep-30 20:44:56.159 [main] DEBUG nextflow.executor.ExecutorFactory - << taskConfig executor: null
Sep-30 20:44:56.159 [main] DEBUG nextflow.executor.ExecutorFactory - >> processorType: 'local'
Sep-30 20:44:56.160 [main] DEBUG nextflow.processor.TaskProcessor - Creating process 'NFCORE_DIFFERENTIALABUNDANCE:DIFFERENTIALABUNDANCE:AFFY_JUSTRMA_NORM': maxForks=0; fair=false; array=0
Sep-30 20:44:56.199 [main] DEBUG n.script.dsl.ProcessConfigBuilder - Config settings `withLabel:process_single` matches labels `process_single` for process with name NFCORE_DIFFERENTIALABUNDANCE:DIFFERENTIALABUNDANCE:PROTEUS
Sep-30 20:44:56.202 [main] DEBUG n.script.dsl.ProcessConfigBuilder - Config settings `withName:PROTEUS` matches process NFCORE_DIFFERENTIALABUNDANCE:DIFFERENTIALABUNDANCE:PROTEUS
Sep-30 20:44:56.206 [main] DEBUG nextflow.executor.ExecutorFactory - << taskConfig executor: null
Sep-30 20:44:56.206 [main] DEBUG nextflow.executor.ExecutorFactory - >> processorType: 'local'
Sep-30 20:44:56.207 [main] DEBUG nextflow.processor.TaskProcessor - Creating process 'NFCORE_DIFFERENTIALABUNDANCE:DIFFERENTIALABUNDANCE:PROTEUS': maxForks=0; fair=false; array=0
Sep-30 20:44:56.256 [main] DEBUG n.script.dsl.ProcessConfigBuilder - Config settings `withLabel:process_single` matches labels `process_single` for process with name NFCORE_DIFFERENTIALABUNDANCE:DIFFERENTIALABUNDANCE:GEOQUERY_GETGEO
Sep-30 20:44:56.257 [main] DEBUG n.script.dsl.ProcessConfigBuilder - Config settings `withName:GEOQUERY_GETGEO` matches process NFCORE_DIFFERENTIALABUNDANCE:DIFFERENTIALABUNDANCE:GEOQUERY_GETGEO
Sep-30 20:44:56.259 [main] DEBUG nextflow.executor.ExecutorFactory - << taskConfig executor: null
Sep-30 20:44:56.259 [main] DEBUG nextflow.executor.ExecutorFactory - >> processorType: 'local'
Sep-30 20:44:56.260 [main] DEBUG nextflow.processor.TaskProcessor - Creating process 'NFCORE_DIFFERENTIALABUNDANCE:DIFFERENTIALABUNDANCE:GEOQUERY_GETGEO': maxForks=0; fair=false; array=0
Sep-30 20:44:56.288 [main] DEBUG n.script.dsl.ProcessConfigBuilder - Config settings `withLabel:process_single` matches labels `process_single` for process with name NFCORE_DIFFERENTIALABUNDANCE:DIFFERENTIALABUNDANCE:GUNZIP_GTF
Sep-30 20:44:56.290 [main] DEBUG nextflow.executor.ExecutorFactory - << taskConfig executor: null
Sep-30 20:44:56.290 [main] DEBUG nextflow.executor.ExecutorFactory - >> processorType: 'local'
Sep-30 20:44:56.291 [main] DEBUG nextflow.processor.TaskProcessor - Creating process 'NFCORE_DIFFERENTIALABUNDANCE:DIFFERENTIALABUNDANCE:GUNZIP_GTF': maxForks=0; fair=false; array=0
Sep-30 20:44:56.308 [main] DEBUG n.script.dsl.ProcessConfigBuilder - Config settings `withLabel:process_single` matches labels `process_single` for process with name NFCORE_DIFFERENTIALABUNDANCE:DIFFERENTIALABUNDANCE:GTF_TO_TABLE
Sep-30 20:44:56.310 [main] DEBUG n.script.dsl.ProcessConfigBuilder - Config settings `withName:GTF_TO_TABLE` matches process NFCORE_DIFFERENTIALABUNDANCE:DIFFERENTIALABUNDANCE:GTF_TO_TABLE
Sep-30 20:44:56.313 [main] DEBUG nextflow.executor.ExecutorFactory - << taskConfig executor: null
Sep-30 20:44:56.314 [main] DEBUG nextflow.executor.ExecutorFactory - >> processorType: 'local'
Sep-30 20:44:56.315 [main] DEBUG nextflow.processor.TaskProcessor - Creating process 'NFCORE_DIFFERENTIALABUNDANCE:DIFFERENTIALABUNDANCE:GTF_TO_TABLE': maxForks=0; fair=false; array=0
Sep-30 20:44:56.354 [main] DEBUG n.script.dsl.ProcessConfigBuilder - Config settings `withLabel:process_single` matches labels `process_single` for process with name NFCORE_DIFFERENTIALABUNDANCE:DIFFERENTIALABUNDANCE:VALIDATOR
Sep-30 20:44:56.356 [main] DEBUG n.script.dsl.ProcessConfigBuilder - Config settings `withName:VALIDATOR` matches process NFCORE_DIFFERENTIALABUNDANCE:DIFFERENTIALABUNDANCE:VALIDATOR
Sep-30 20:44:56.359 [main] DEBUG nextflow.executor.ExecutorFactory - << taskConfig executor: null
Sep-30 20:44:56.359 [main] DEBUG nextflow.executor.ExecutorFactory - >> processorType: 'local'
Sep-30 20:44:56.360 [main] DEBUG nextflow.processor.TaskProcessor - Creating process 'NFCORE_DIFFERENTIALABUNDANCE:DIFFERENTIALABUNDANCE:VALIDATOR': maxForks=0; fair=false; array=0
Sep-30 20:44:56.408 [main] DEBUG n.script.dsl.ProcessConfigBuilder - Config settings `withLabel:process_single` matches labels `process_single` for process with name NFCORE_DIFFERENTIALABUNDANCE:DIFFERENTIALABUNDANCE:CUSTOM_MATRIXFILTER
Sep-30 20:44:56.409 [main] DEBUG n.script.dsl.ProcessConfigBuilder - Config settings `withName:CUSTOM_MATRIXFILTER` matches process NFCORE_DIFFERENTIALABUNDANCE:DIFFERENTIALABUNDANCE:CUSTOM_MATRIXFILTER
Sep-30 20:44:56.411 [main] DEBUG nextflow.executor.ExecutorFactory - << taskConfig executor: null
Sep-30 20:44:56.411 [main] DEBUG nextflow.executor.ExecutorFactory - >> processorType: 'local'
Sep-30 20:44:56.412 [main] DEBUG nextflow.processor.TaskProcessor - Creating process 'NFCORE_DIFFERENTIALABUNDANCE:DIFFERENTIALABUNDANCE:CUSTOM_MATRIXFILTER': maxForks=0; fair=false; array=0
Sep-30 20:44:56.451 [main] DEBUG n.script.dsl.ProcessConfigBuilder - Config settings `withLabel:process_single` matches labels `process_single` for process with name NFCORE_DIFFERENTIALABUNDANCE:DIFFERENTIALABUNDANCE:ABUNDANCE_DIFFERENTIAL_FILTER:LIMMA_NORM
Sep-30 20:44:56.452 [main] DEBUG n.script.dsl.ProcessConfigBuilder - Config settings `withName:LIMMA_DIFFERENTIAL` matches process NFCORE_DIFFERENTIALABUNDANCE:DIFFERENTIALABUNDANCE:ABUNDANCE_DIFFERENTIAL_FILTER:LIMMA_NORM
Sep-30 20:44:56.453 [main] DEBUG n.script.dsl.ProcessConfigBuilder - Config settings `withName:LIMMA_NORM` matches process NFCORE_DIFFERENTIALABUNDANCE:DIFFERENTIALABUNDANCE:ABUNDANCE_DIFFERENTIAL_FILTER:LIMMA_NORM
Sep-30 20:44:56.455 [main] DEBUG nextflow.executor.ExecutorFactory - << taskConfig executor: null
Sep-30 20:44:56.456 [main] DEBUG nextflow.executor.ExecutorFactory - >> processorType: 'local'
Sep-30 20:44:56.457 [main] DEBUG nextflow.processor.TaskProcessor - Creating process 'NFCORE_DIFFERENTIALABUNDANCE:DIFFERENTIALABUNDANCE:ABUNDANCE_DIFFERENTIAL_FILTER:LIMMA_NORM': maxForks=0; fair=false; array=0
Sep-30 20:44:56.471 [main] DEBUG n.script.dsl.ProcessConfigBuilder - Config settings `withLabel:process_single` matches labels `process_single` for process with name NFCORE_DIFFERENTIALABUNDANCE:DIFFERENTIALABUNDANCE:ABUNDANCE_DIFFERENTIAL_FILTER:LIMMA_DIFFERENTIAL
Sep-30 20:44:56.472 [main] DEBUG n.script.dsl.ProcessConfigBuilder - Config settings `withName:LIMMA_DIFFERENTIAL` matches process NFCORE_DIFFERENTIALABUNDANCE:DIFFERENTIALABUNDANCE:ABUNDANCE_DIFFERENTIAL_FILTER:LIMMA_DIFFERENTIAL
Sep-30 20:44:56.473 [main] DEBUG nextflow.executor.ExecutorFactory - << taskConfig executor: null
Sep-30 20:44:56.473 [main] DEBUG nextflow.executor.ExecutorFactory - >> processorType: 'local'
Sep-30 20:44:56.474 [main] DEBUG nextflow.processor.TaskProcessor - Creating process 'NFCORE_DIFFERENTIALABUNDANCE:DIFFERENTIALABUNDANCE:ABUNDANCE_DIFFERENTIAL_FILTER:LIMMA_DIFFERENTIAL': maxForks=0; fair=false; array=0
Sep-30 20:44:56.489 [main] DEBUG n.script.dsl.ProcessConfigBuilder - Config settings `withLabel:process_single` matches labels `process_single` for process with name NFCORE_DIFFERENTIALABUNDANCE:DIFFERENTIALABUNDANCE:ABUNDANCE_DIFFERENTIAL_FILTER:DESEQ2_NORM
Sep-30 20:44:56.490 [main] DEBUG n.script.dsl.ProcessConfigBuilder - Config settings `withName:DESEQ2_DIFFERENTIAL` matches process NFCORE_DIFFERENTIALABUNDANCE:DIFFERENTIALABUNDANCE:ABUNDANCE_DIFFERENTIAL_FILTER:DESEQ2_NORM
Sep-30 20:44:56.491 [main] DEBUG n.script.dsl.ProcessConfigBuilder - Config settings `withName:DESEQ2_NORM` matches process NFCORE_DIFFERENTIALABUNDANCE:DIFFERENTIALABUNDANCE:ABUNDANCE_DIFFERENTIAL_FILTER:DESEQ2_NORM
Sep-30 20:44:56.492 [main] DEBUG nextflow.executor.ExecutorFactory - << taskConfig executor: null
Sep-30 20:44:56.492 [main] DEBUG nextflow.executor.ExecutorFactory - >> processorType: 'local'
Sep-30 20:44:56.492 [main] DEBUG nextflow.processor.TaskProcessor - Creating process 'NFCORE_DIFFERENTIALABUNDANCE:DIFFERENTIALABUNDANCE:ABUNDANCE_DIFFERENTIAL_FILTER:DESEQ2_NORM': maxForks=0; fair=false; array=0
Sep-30 20:44:56.508 [main] DEBUG n.script.dsl.ProcessConfigBuilder - Config settings `withLabel:process_single` matches labels `process_single` for process with name NFCORE_DIFFERENTIALABUNDANCE:DIFFERENTIALABUNDANCE:ABUNDANCE_DIFFERENTIAL_FILTER:DESEQ2_DIFFERENTIAL
Sep-30 20:44:56.509 [main] DEBUG n.script.dsl.ProcessConfigBuilder - Config settings `withName:DESEQ2_DIFFERENTIAL` matches process NFCORE_DIFFERENTIALABUNDANCE:DIFFERENTIALABUNDANCE:ABUNDANCE_DIFFERENTIAL_FILTER:DESEQ2_DIFFERENTIAL
Sep-30 20:44:56.510 [main] DEBUG nextflow.executor.ExecutorFactory - << taskConfig executor: null
Sep-30 20:44:56.510 [main] DEBUG nextflow.executor.ExecutorFactory - >> processorType: 'local'
Sep-30 20:44:56.510 [main] DEBUG nextflow.processor.TaskProcessor - Creating process 'NFCORE_DIFFERENTIALABUNDANCE:DIFFERENTIALABUNDANCE:ABUNDANCE_DIFFERENTIAL_FILTER:DESEQ2_DIFFERENTIAL': maxForks=0; fair=false; array=0
Sep-30 20:44:56.530 [main] DEBUG n.script.dsl.ProcessConfigBuilder - Config settings `withLabel:process_medium` matches labels `process_medium` for process with name NFCORE_DIFFERENTIALABUNDANCE:DIFFERENTIALABUNDANCE:ABUNDANCE_DIFFERENTIAL_FILTER:PROPR_PROPD
Sep-30 20:44:56.531 [main] DEBUG n.script.dsl.ProcessConfigBuilder - Config settings `withName:PROPR_PROPD` matches process NFCORE_DIFFERENTIALABUNDANCE:DIFFERENTIALABUNDANCE:ABUNDANCE_DIFFERENTIAL_FILTER:PROPR_PROPD
Sep-30 20:44:56.533 [main] DEBUG nextflow.executor.ExecutorFactory - << taskConfig executor: null
Sep-30 20:44:56.533 [main] DEBUG nextflow.executor.ExecutorFactory - >> processorType: 'local'
Sep-30 20:44:56.534 [main] DEBUG nextflow.processor.TaskProcessor - Creating process 'NFCORE_DIFFERENTIALABUNDANCE:DIFFERENTIALABUNDANCE:ABUNDANCE_DIFFERENTIAL_FILTER:PROPR_PROPD': maxForks=0; fair=false; array=0
Sep-30 20:44:56.544 [main] DEBUG n.script.dsl.ProcessConfigBuilder - Config settings `withLabel:process_high` matches labels `process_high` for process with name NFCORE_DIFFERENTIALABUNDANCE:DIFFERENTIALABUNDANCE:ABUNDANCE_DIFFERENTIAL_FILTER:DREAM_NORM
Sep-30 20:44:56.545 [main] DEBUG n.script.dsl.ProcessConfigBuilder - Config settings `withName:VARIANCEPARTITION_DREAM` matches process NFCORE_DIFFERENTIALABUNDANCE:DIFFERENTIALABUNDANCE:ABUNDANCE_DIFFERENTIAL_FILTER:DREAM_NORM
Sep-30 20:44:56.546 [main] DEBUG n.script.dsl.ProcessConfigBuilder - Config settings `withName:DREAM_NORM` matches process NFCORE_DIFFERENTIALABUNDANCE:DIFFERENTIALABUNDANCE:ABUNDANCE_DIFFERENTIAL_FILTER:DREAM_NORM
Sep-30 20:44:56.546 [main] DEBUG nextflow.executor.ExecutorFactory - << taskConfig executor: null
Sep-30 20:44:56.546 [main] DEBUG nextflow.executor.ExecutorFactory - >> processorType: 'local'
Sep-30 20:44:56.547 [main] DEBUG nextflow.processor.TaskProcessor - Creating process 'NFCORE_DIFFERENTIALABUNDANCE:DIFFERENTIALABUNDANCE:ABUNDANCE_DIFFERENTIAL_FILTER:DREAM_NORM': maxForks=0; fair=false; array=0
Sep-30 20:44:56.552 [main] DEBUG n.script.dsl.ProcessConfigBuilder - Config settings `withLabel:process_high` matches labels `process_high` for process with name NFCORE_DIFFERENTIALABUNDANCE:DIFFERENTIALABUNDANCE:ABUNDANCE_DIFFERENTIAL_FILTER:VARIANCEPARTITION_DREAM
Sep-30 20:44:56.553 [main] DEBUG n.script.dsl.ProcessConfigBuilder - Config settings `withName:VARIANCEPARTITION_DREAM` matches process NFCORE_DIFFERENTIALABUNDANCE:DIFFERENTIALABUNDANCE:ABUNDANCE_DIFFERENTIAL_FILTER:VARIANCEPARTITION_DREAM
Sep-30 20:44:56.554 [main] DEBUG nextflow.executor.ExecutorFactory - << taskConfig executor: null
Sep-30 20:44:56.554 [main] DEBUG nextflow.executor.ExecutorFactory - >> processorType: 'local'
Sep-30 20:44:56.554 [main] DEBUG nextflow.processor.TaskProcessor - Creating process 'NFCORE_DIFFERENTIALABUNDANCE:DIFFERENTIALABUNDANCE:ABUNDANCE_DIFFERENTIAL_FILTER:VARIANCEPARTITION_DREAM': maxForks=0; fair=false; array=0
Sep-30 20:44:56.577 [main] DEBUG n.script.dsl.ProcessConfigBuilder - Config settings `withLabel:process_single` matches labels `process_single` for process with name NFCORE_DIFFERENTIALABUNDANCE:DIFFERENTIALABUNDANCE:ABUNDANCE_DIFFERENTIAL_FILTER:CUSTOM_FILTERDIFFERENTIALTABLE
Sep-30 20:44:56.578 [main] DEBUG n.script.dsl.ProcessConfigBuilder - Config settings `withName:CUSTOM_FILTERDIFFERENTIALTABLE` matches process NFCORE_DIFFERENTIALABUNDANCE:DIFFERENTIALABUNDANCE:ABUNDANCE_DIFFERENTIAL_FILTER:CUSTOM_FILTERDIFFERENTIALTABLE
Sep-30 20:44:56.579 [main] DEBUG nextflow.executor.ExecutorFactory - << taskConfig executor: null
Sep-30 20:44:56.579 [main] DEBUG nextflow.executor.ExecutorFactory - >> processorType: 'local'
Sep-30 20:44:56.580 [main] DEBUG nextflow.processor.TaskProcessor - Creating process 'NFCORE_DIFFERENTIALABUNDANCE:DIFFERENTIALABUNDANCE:ABUNDANCE_DIFFERENTIAL_FILTER:CUSTOM_FILTERDIFFERENTIALTABLE': maxForks=0; fair=false; array=0
Sep-30 20:44:56.614 [main] DEBUG n.script.dsl.ProcessConfigBuilder - Config settings `withLabel:process_single` matches labels `process_single` for process with name NFCORE_DIFFERENTIALABUNDANCE:DIFFERENTIALABUNDANCE:CSVTK_JOIN
Sep-30 20:44:56.616 [main] DEBUG n.script.dsl.ProcessConfigBuilder - Config settings `withName:CSVTK_JOIN` matches process NFCORE_DIFFERENTIALABUNDANCE:DIFFERENTIALABUNDANCE:CSVTK_JOIN
Sep-30 20:44:56.618 [main] DEBUG nextflow.executor.ExecutorFactory - << taskConfig executor: null
Sep-30 20:44:56.618 [main] DEBUG nextflow.executor.ExecutorFactory - >> processorType: 'local'
Sep-30 20:44:56.619 [main] DEBUG nextflow.processor.TaskProcessor - Creating process 'NFCORE_DIFFERENTIALABUNDANCE:DIFFERENTIALABUNDANCE:CSVTK_JOIN': maxForks=0; fair=false; array=0
Sep-30 20:44:56.675 [main] DEBUG n.script.dsl.ProcessConfigBuilder - Config settings `withLabel:process_single` matches labels `process_single` for process with name NFCORE_DIFFERENTIALABUNDANCE:DIFFERENTIALABUNDANCE:DIFFERENTIAL_FUNCTIONAL_ENRICHMENT:GPROFILER2_GOST
Sep-30 20:44:56.675 [main] DEBUG n.script.dsl.ProcessConfigBuilder - Config settings `withName:GPROFILER2_GOST` matches process NFCORE_DIFFERENTIALABUNDANCE:DIFFERENTIALABUNDANCE:DIFFERENTIAL_FUNCTIONAL_ENRICHMENT:GPROFILER2_GOST
Sep-30 20:44:56.677 [main] DEBUG nextflow.executor.ExecutorFactory - << taskConfig executor: null
Sep-30 20:44:56.677 [main] DEBUG nextflow.executor.ExecutorFactory - >> processorType: 'local'
Sep-30 20:44:56.678 [main] DEBUG nextflow.processor.TaskProcessor - Creating process 'NFCORE_DIFFERENTIALABUNDANCE:DIFFERENTIALABUNDANCE:DIFFERENTIAL_FUNCTIONAL_ENRICHMENT:GPROFILER2_GOST': maxForks=0; fair=false; array=0
Sep-30 20:44:56.686 [main] DEBUG n.script.dsl.ProcessConfigBuilder - Config settings `withLabel:process_single` matches labels `process_single` for process with name NFCORE_DIFFERENTIALABUNDANCE:DIFFERENTIALABUNDANCE:DIFFERENTIAL_FUNCTIONAL_ENRICHMENT:CUSTOM_TABULARTOGSEAGCT
Sep-30 20:44:56.688 [main] DEBUG nextflow.executor.ExecutorFactory - << taskConfig executor: null
Sep-30 20:44:56.688 [main] DEBUG nextflow.executor.ExecutorFactory - >> processorType: 'local'
Sep-30 20:44:56.690 [main] DEBUG nextflow.processor.TaskProcessor - Creating process 'NFCORE_DIFFERENTIALABUNDANCE:DIFFERENTIALABUNDANCE:DIFFERENTIAL_FUNCTIONAL_ENRICHMENT:CUSTOM_TABULARTOGSEAGCT': maxForks=0; fair=false; array=0
Sep-30 20:44:56.695 [main] DEBUG n.script.dsl.ProcessConfigBuilder - Config settings `withLabel:process_single` matches labels `process_single` for process with name NFCORE_DIFFERENTIALABUNDANCE:DIFFERENTIALABUNDANCE:DIFFERENTIAL_FUNCTIONAL_ENRICHMENT:CUSTOM_TABULARTOGSEACLS
Sep-30 20:44:56.697 [main] DEBUG n.script.dsl.ProcessConfigBuilder - Config settings `withName:CUSTOM_TABULARTOGSEACLS` matches process NFCORE_DIFFERENTIALABUNDANCE:DIFFERENTIALABUNDANCE:DIFFERENTIAL_FUNCTIONAL_ENRICHMENT:CUSTOM_TABULARTOGSEACLS
Sep-30 20:44:56.698 [main] DEBUG nextflow.executor.ExecutorFactory - << taskConfig executor: null
Sep-30 20:44:56.699 [main] DEBUG nextflow.executor.ExecutorFactory - >> processorType: 'local'
Sep-30 20:44:56.699 [main] DEBUG nextflow.processor.TaskProcessor - Creating process 'NFCORE_DIFFERENTIALABUNDANCE:DIFFERENTIALABUNDANCE:DIFFERENTIAL_FUNCTIONAL_ENRICHMENT:CUSTOM_TABULARTOGSEACLS': maxForks=0; fair=false; array=0
Sep-30 20:44:56.702 [main] DEBUG n.script.dsl.ProcessConfigBuilder - Config settings `withLabel:process_single` matches labels `process_single` for process with name NFCORE_DIFFERENTIALABUNDANCE:DIFFERENTIALABUNDANCE:DIFFERENTIAL_FUNCTIONAL_ENRICHMENT:CUSTOM_TABULARTOGSEACHIP
Sep-30 20:44:56.704 [main] DEBUG nextflow.executor.ExecutorFactory - << taskConfig executor: null
Sep-30 20:44:56.704 [main] DEBUG nextflow.executor.ExecutorFactory - >> processorType: 'local'
Sep-30 20:44:56.705 [main] DEBUG nextflow.processor.TaskProcessor - Creating process 'NFCORE_DIFFERENTIALABUNDANCE:DIFFERENTIALABUNDANCE:DIFFERENTIAL_FUNCTIONAL_ENRICHMENT:CUSTOM_TABULARTOGSEACHIP': maxForks=0; fair=false; array=0
Sep-30 20:44:56.716 [main] DEBUG n.script.dsl.ProcessConfigBuilder - Config settings `withLabel:process_single` matches labels `process_single` for process with name NFCORE_DIFFERENTIALABUNDANCE:DIFFERENTIALABUNDANCE:DIFFERENTIAL_FUNCTIONAL_ENRICHMENT:GSEA_GSEA
Sep-30 20:44:56.718 [main] DEBUG n.script.dsl.ProcessConfigBuilder - Config settings `withName:GSEA_GSEA` matches process NFCORE_DIFFERENTIALABUNDANCE:DIFFERENTIALABUNDANCE:DIFFERENTIAL_FUNCTIONAL_ENRICHMENT:GSEA_GSEA
Sep-30 20:44:56.719 [main] DEBUG nextflow.executor.ExecutorFactory - << taskConfig executor: null
Sep-30 20:44:56.719 [main] DEBUG nextflow.executor.ExecutorFactory - >> processorType: 'local'
Sep-30 20:44:56.719 [main] DEBUG nextflow.processor.TaskProcessor - Creating process 'NFCORE_DIFFERENTIALABUNDANCE:DIFFERENTIALABUNDANCE:DIFFERENTIAL_FUNCTIONAL_ENRICHMENT:GSEA_GSEA': maxForks=0; fair=false; array=0
Sep-30 20:44:56.731 [main] DEBUG n.script.dsl.ProcessConfigBuilder - Config settings `withLabel:process_medium` matches labels `process_medium` for process with name NFCORE_DIFFERENTIALABUNDANCE:DIFFERENTIALABUNDANCE:DIFFERENTIAL_FUNCTIONAL_ENRICHMENT:DECOUPLER_DECOUPLER
Sep-30 20:44:56.731 [main] DEBUG n.script.dsl.ProcessConfigBuilder - Config settings `withName:DECOUPLER_DECOUPLER` matches process NFCORE_DIFFERENTIALABUNDANCE:DIFFERENTIALABUNDANCE:DIFFERENTIAL_FUNCTIONAL_ENRICHMENT:DECOUPLER_DECOUPLER
Sep-30 20:44:56.732 [main] DEBUG nextflow.executor.ExecutorFactory - << taskConfig executor: null
Sep-30 20:44:56.732 [main] DEBUG nextflow.executor.ExecutorFactory - >> processorType: 'local'
Sep-30 20:44:56.733 [main] DEBUG nextflow.processor.TaskProcessor - Creating process 'NFCORE_DIFFERENTIALABUNDANCE:DIFFERENTIALABUNDANCE:DIFFERENTIAL_FUNCTIONAL_ENRICHMENT:DECOUPLER_DECOUPLER': maxForks=0; fair=false; array=0
Sep-30 20:44:56.738 [main] DEBUG n.script.dsl.ProcessConfigBuilder - Config settings `withLabel:process_high` matches labels `process_high` for process with name NFCORE_DIFFERENTIALABUNDANCE:DIFFERENTIALABUNDANCE:DIFFERENTIAL_FUNCTIONAL_ENRICHMENT:PROPR_GREA
Sep-30 20:44:56.739 [main] DEBUG n.script.dsl.ProcessConfigBuilder - Config settings `withName:PROPR_GREA` matches process NFCORE_DIFFERENTIALABUNDANCE:DIFFERENTIALABUNDANCE:DIFFERENTIAL_FUNCTIONAL_ENRICHMENT:PROPR_GREA
Sep-30 20:44:56.740 [main] DEBUG nextflow.executor.ExecutorFactory - << taskConfig executor: null
Sep-30 20:44:56.740 [main] DEBUG nextflow.executor.ExecutorFactory - >> processorType: 'local'
Sep-30 20:44:56.740 [main] DEBUG nextflow.processor.TaskProcessor - Creating process 'NFCORE_DIFFERENTIALABUNDANCE:DIFFERENTIALABUNDANCE:DIFFERENTIAL_FUNCTIONAL_ENRICHMENT:PROPR_GREA': maxForks=0; fair=false; array=0
Sep-30 20:44:56.774 [main] DEBUG n.script.dsl.ProcessConfigBuilder - Config settings `withLabel:process_single` matches labels `process_single` for process with name NFCORE_DIFFERENTIALABUNDANCE:DIFFERENTIALABUNDANCE:PLOT_EXPLORATORY
Sep-30 20:44:56.775 [main] DEBUG n.script.dsl.ProcessConfigBuilder - Config settings `withName:PLOT_EXPLORATORY` matches process NFCORE_DIFFERENTIALABUNDANCE:DIFFERENTIALABUNDANCE:PLOT_EXPLORATORY
Sep-30 20:44:56.776 [main] DEBUG nextflow.executor.ExecutorFactory - << taskConfig executor: null
Sep-30 20:44:56.776 [main] DEBUG nextflow.executor.ExecutorFactory - >> processorType: 'local'
Sep-30 20:44:56.777 [main] DEBUG nextflow.processor.TaskProcessor - Creating process 'NFCORE_DIFFERENTIALABUNDANCE:DIFFERENTIALABUNDANCE:PLOT_EXPLORATORY': maxForks=0; fair=false; array=0
Sep-30 20:44:56.799 [main] DEBUG n.script.dsl.ProcessConfigBuilder - Config settings `withLabel:process_single` matches labels `process_single` for process with name NFCORE_DIFFERENTIALABUNDANCE:DIFFERENTIALABUNDANCE:PLOT_DIFFERENTIAL
Sep-30 20:44:56.800 [main] DEBUG n.script.dsl.ProcessConfigBuilder - Config settings `withName:PLOT_DIFFERENTIAL` matches process NFCORE_DIFFERENTIALABUNDANCE:DIFFERENTIALABUNDANCE:PLOT_DIFFERENTIAL
Sep-30 20:44:56.801 [main] DEBUG nextflow.executor.ExecutorFactory - << taskConfig executor: null
Sep-30 20:44:56.801 [main] DEBUG nextflow.executor.ExecutorFactory - >> processorType: 'local'
Sep-30 20:44:56.802 [main] DEBUG nextflow.processor.TaskProcessor - Creating process 'NFCORE_DIFFERENTIALABUNDANCE:DIFFERENTIALABUNDANCE:PLOT_DIFFERENTIAL': maxForks=0; fair=false; array=0
Sep-30 20:44:56.829 [main] DEBUG n.script.dsl.ProcessConfigBuilder - Config settings `withLabel:process_single` matches labels `process_single` for process with name NFCORE_DIFFERENTIALABUNDANCE:DIFFERENTIALABUNDANCE:SHINYNGS_APP
Sep-30 20:44:56.829 [main] DEBUG n.script.dsl.ProcessConfigBuilder - Config settings `withName:SHINYNGS_APP` matches process NFCORE_DIFFERENTIALABUNDANCE:DIFFERENTIALABUNDANCE:SHINYNGS_APP
Sep-30 20:44:56.831 [main] DEBUG nextflow.executor.ExecutorFactory - << taskConfig executor: null
Sep-30 20:44:56.831 [main] DEBUG nextflow.executor.ExecutorFactory - >> processorType: 'local'
Sep-30 20:44:56.832 [main] DEBUG nextflow.processor.TaskProcessor - Creating process 'NFCORE_DIFFERENTIALABUNDANCE:DIFFERENTIALABUNDANCE:SHINYNGS_APP': maxForks=0; fair=false; array=0
Sep-30 20:44:56.883 [main] DEBUG n.script.dsl.ProcessConfigBuilder - Config settings `withLabel:process_low` matches labels `process_low` for process with name NFCORE_DIFFERENTIALABUNDANCE:DIFFERENTIALABUNDANCE:QUARTONOTEBOOK
Sep-30 20:44:56.884 [main] DEBUG n.script.dsl.ProcessConfigBuilder - Config settings `withName:QUARTONOTEBOOK` matches process NFCORE_DIFFERENTIALABUNDANCE:DIFFERENTIALABUNDANCE:QUARTONOTEBOOK
Sep-30 20:44:56.886 [main] DEBUG nextflow.executor.ExecutorFactory - << taskConfig executor: null
Sep-30 20:44:56.887 [main] DEBUG nextflow.executor.ExecutorFactory - >> processorType: 'local'
Sep-30 20:44:56.887 [main] DEBUG nextflow.processor.TaskProcessor - Creating process 'NFCORE_DIFFERENTIALABUNDANCE:DIFFERENTIALABUNDANCE:QUARTONOTEBOOK': maxForks=0; fair=false; array=0
Sep-30 20:44:56.904 [main] DEBUG n.script.dsl.ProcessConfigBuilder - Config settings `withLabel:process_single` matches labels `process_single` for process with name NFCORE_DIFFERENTIALABUNDANCE:DIFFERENTIALABUNDANCE:MAKE_REPORT_BUNDLE
Sep-30 20:44:56.905 [main] DEBUG n.script.dsl.ProcessConfigBuilder - Config settings `withName:MAKE_REPORT_BUNDLE` matches process NFCORE_DIFFERENTIALABUNDANCE:DIFFERENTIALABUNDANCE:MAKE_REPORT_BUNDLE
Sep-30 20:44:56.906 [main] DEBUG nextflow.executor.ExecutorFactory - << taskConfig executor: null
Sep-30 20:44:56.906 [main] DEBUG nextflow.executor.ExecutorFactory - >> processorType: 'local'
Sep-30 20:44:56.907 [main] DEBUG nextflow.processor.TaskProcessor - Creating process 'NFCORE_DIFFERENTIALABUNDANCE:DIFFERENTIALABUNDANCE:MAKE_REPORT_BUNDLE': maxForks=0; fair=false; array=0
Sep-30 20:44:57.122 [main] DEBUG nextflow.Session - Config process names validation disabled as requested
Sep-30 20:44:57.125 [main] DEBUG nextflow.Session - Igniting dataflow network (38)
Sep-30 20:44:57.126 [main] DEBUG nextflow.processor.TaskProcessor - Starting process > NFCORE_DIFFERENTIALABUNDANCE:DIFFERENTIALABUNDANCE:UNTAR
Sep-30 20:44:57.126 [main] DEBUG nextflow.processor.TaskProcessor - Starting process > NFCORE_DIFFERENTIALABUNDANCE:DIFFERENTIALABUNDANCE:AFFY_JUSTRMA_RAW
Sep-30 20:44:57.126 [main] DEBUG nextflow.processor.TaskProcessor - Starting process > NFCORE_DIFFERENTIALABUNDANCE:DIFFERENTIALABUNDANCE:AFFY_JUSTRMA_NORM
Sep-30 20:44:57.126 [main] DEBUG nextflow.processor.TaskProcessor - Starting process > NFCORE_DIFFERENTIALABUNDANCE:DIFFERENTIALABUNDANCE:PROTEUS
Sep-30 20:44:57.126 [main] DEBUG nextflow.processor.TaskProcessor - Starting process > NFCORE_DIFFERENTIALABUNDANCE:DIFFERENTIALABUNDANCE:GEOQUERY_GETGEO
Sep-30 20:44:57.126 [main] DEBUG nextflow.processor.TaskProcessor - Starting process > NFCORE_DIFFERENTIALABUNDANCE:DIFFERENTIALABUNDANCE:GUNZIP_GTF
Sep-30 20:44:57.126 [main] DEBUG nextflow.processor.TaskProcessor - Starting process > NFCORE_DIFFERENTIALABUNDANCE:DIFFERENTIALABUNDANCE:GTF_TO_TABLE
Sep-30 20:44:57.126 [main] DEBUG nextflow.processor.TaskProcessor - Starting process > NFCORE_DIFFERENTIALABUNDANCE:DIFFERENTIALABUNDANCE:VALIDATOR
Sep-30 20:44:57.126 [main] DEBUG nextflow.processor.TaskProcessor - Starting process > NFCORE_DIFFERENTIALABUNDANCE:DIFFERENTIALABUNDANCE:CUSTOM_MATRIXFILTER
Sep-30 20:44:57.126 [main] DEBUG nextflow.processor.TaskProcessor - Starting process > NFCORE_DIFFERENTIALABUNDANCE:DIFFERENTIALABUNDANCE:ABUNDANCE_DIFFERENTIAL_FILTER:LIMMA_NORM
Sep-30 20:44:57.126 [main] DEBUG nextflow.processor.TaskProcessor - Starting process > NFCORE_DIFFERENTIALABUNDANCE:DIFFERENTIALABUNDANCE:ABUNDANCE_DIFFERENTIAL_FILTER:LIMMA_DIFFERENTIAL
Sep-30 20:44:57.126 [main] DEBUG nextflow.processor.TaskProcessor - Starting process > NFCORE_DIFFERENTIALABUNDANCE:DIFFERENTIALABUNDANCE:ABUNDANCE_DIFFERENTIAL_FILTER:DESEQ2_NORM
Sep-30 20:44:57.127 [main] DEBUG nextflow.processor.TaskProcessor - Starting process > NFCORE_DIFFERENTIALABUNDANCE:DIFFERENTIALABUNDANCE:ABUNDANCE_DIFFERENTIAL_FILTER:DESEQ2_DIFFERENTIAL
Sep-30 20:44:57.127 [main] DEBUG nextflow.processor.TaskProcessor - Starting process > NFCORE_DIFFERENTIALABUNDANCE:DIFFERENTIALABUNDANCE:ABUNDANCE_DIFFERENTIAL_FILTER:PROPR_PROPD
Sep-30 20:44:57.127 [main] DEBUG nextflow.processor.TaskProcessor - Starting process > NFCORE_DIFFERENTIALABUNDANCE:DIFFERENTIALABUNDANCE:ABUNDANCE_DIFFERENTIAL_FILTER:DREAM_NORM
Sep-30 20:44:57.127 [main] DEBUG nextflow.processor.TaskProcessor - Starting process > NFCORE_DIFFERENTIALABUNDANCE:DIFFERENTIALABUNDANCE:ABUNDANCE_DIFFERENTIAL_FILTER:VARIANCEPARTITION_DREAM
Sep-30 20:44:57.127 [main] DEBUG nextflow.processor.TaskProcessor - Starting process > NFCORE_DIFFERENTIALABUNDANCE:DIFFERENTIALABUNDANCE:ABUNDANCE_DIFFERENTIAL_FILTER:CUSTOM_FILTERDIFFERENTIALTABLE
Sep-30 20:44:57.127 [main] DEBUG nextflow.processor.TaskProcessor - Starting process > NFCORE_DIFFERENTIALABUNDANCE:DIFFERENTIALABUNDANCE:CSVTK_JOIN
Sep-30 20:44:57.128 [main] DEBUG nextflow.processor.TaskProcessor - Starting process > NFCORE_DIFFERENTIALABUNDANCE:DIFFERENTIALABUNDANCE:DIFFERENTIAL_FUNCTIONAL_ENRICHMENT:GPROFILER2_GOST
Sep-30 20:44:57.128 [main] DEBUG nextflow.processor.TaskProcessor - Starting process > NFCORE_DIFFERENTIALABUNDANCE:DIFFERENTIALABUNDANCE:DIFFERENTIAL_FUNCTIONAL_ENRICHMENT:CUSTOM_TABULARTOGSEAGCT
Sep-30 20:44:57.128 [main] DEBUG nextflow.processor.TaskProcessor - Starting process > NFCORE_DIFFERENTIALABUNDANCE:DIFFERENTIALABUNDANCE:DIFFERENTIAL_FUNCTIONAL_ENRICHMENT:CUSTOM_TABULARTOGSEACLS
Sep-30 20:44:57.128 [main] DEBUG nextflow.processor.TaskProcessor - Starting process > NFCORE_DIFFERENTIALABUNDANCE:DIFFERENTIALABUNDANCE:DIFFERENTIAL_FUNCTIONAL_ENRICHMENT:CUSTOM_TABULARTOGSEACHIP
Sep-30 20:44:57.128 [main] DEBUG nextflow.processor.TaskProcessor - Starting process > NFCORE_DIFFERENTIALABUNDANCE:DIFFERENTIALABUNDANCE:DIFFERENTIAL_FUNCTIONAL_ENRICHMENT:GSEA_GSEA
Sep-30 20:44:57.129 [main] DEBUG nextflow.processor.TaskProcessor - Starting process > NFCORE_DIFFERENTIALABUNDANCE:DIFFERENTIALABUNDANCE:DIFFERENTIAL_FUNCTIONAL_ENRICHMENT:DECOUPLER_DECOUPLER
Sep-30 20:44:57.129 [main] DEBUG nextflow.processor.TaskProcessor - Starting process > NFCORE_DIFFERENTIALABUNDANCE:DIFFERENTIALABUNDANCE:DIFFERENTIAL_FUNCTIONAL_ENRICHMENT:PROPR_GREA
Sep-30 20:44:57.129 [main] DEBUG nextflow.processor.TaskProcessor - Starting process > NFCORE_DIFFERENTIALABUNDANCE:DIFFERENTIALABUNDANCE:PLOT_EXPLORATORY
Sep-30 20:44:57.129 [main] DEBUG nextflow.processor.TaskProcessor - Starting process > NFCORE_DIFFERENTIALABUNDANCE:DIFFERENTIALABUNDANCE:PLOT_DIFFERENTIAL
Sep-30 20:44:57.129 [main] DEBUG nextflow.processor.TaskProcessor - Starting process > NFCORE_DIFFERENTIALABUNDANCE:DIFFERENTIALABUNDANCE:SHINYNGS_APP
Sep-30 20:44:57.129 [main] DEBUG nextflow.processor.TaskProcessor - Starting process > NFCORE_DIFFERENTIALABUNDANCE:DIFFERENTIALABUNDANCE:QUARTONOTEBOOK
Sep-30 20:44:57.129 [main] DEBUG nextflow.processor.TaskProcessor - Starting process > NFCORE_DIFFERENTIALABUNDANCE:DIFFERENTIALABUNDANCE:MAKE_REPORT_BUNDLE
Sep-30 20:44:57.130 [main] DEBUG nextflow.script.ScriptRunner - Parsed script files:
  _nf_script_7ae1cc7f6fd34b34: /home/nina/.nextflow/assets/.repos/nf-core/differentialabundance/clones/30ed7741fc392127156c2fb10cfa3d69d216b54b/subworkflows/nf-core/differential_functional_enrichment/main.nf
  _nf_script_d4c2130bc9d5c913: /home/nina/.nextflow/assets/.repos/nf-core/differentialabundance/clones/30ed7741fc392127156c2fb10cfa3d69d216b54b/modules/nf-core/propr/grea/main.nf
  _nf_script_e641fc4fd6fd9bba: /home/nina/.nextflow/assets/.repos/nf-core/differentialabundance/clones/30ed7741fc392127156c2fb10cfa3d69d216b54b/modules/nf-core/gprofiler2/gost/main.nf
  _nf_script_0536772f1db3b3a6: /home/nina/.nextflow/assets/.repos/nf-core/differentialabundance/clones/30ed7741fc392127156c2fb10cfa3d69d216b54b/modules/nf-core/custom/filterdifferentialtable/main.nf
  _nf_script_9fcdad5182208e18: /home/nina/.nextflow/assets/.repos/nf-core/differentialabundance/clones/30ed7741fc392127156c2fb10cfa3d69d216b54b/modules/nf-core/shinyngs/staticexploratory/main.nf
  _nf_script_b73427c0286700af: /home/nina/.nextflow/assets/.repos/nf-core/differentialabundance/clones/30ed7741fc392127156c2fb10cfa3d69d216b54b/modules/nf-core/geoquery/getgeo/main.nf
  _nf_script_d49182fab86a179c: /home/nina/.nextflow/assets/.repos/nf-core/differentialabundance/clones/30ed7741fc392127156c2fb10cfa3d69d216b54b/modules/nf-core/propr/propd/main.nf
  _nf_script_8454627e4d7e8fbd: /home/nina/.nextflow/assets/.repos/nf-core/differentialabundance/clones/30ed7741fc392127156c2fb10cfa3d69d216b54b/modules/nf-core/shinyngs/staticdifferential/main.nf
  _nf_script_0345f39a1d693b18: /home/nina/.nextflow/assets/.repos/nf-core/differentialabundance/clones/30ed7741fc392127156c2fb10cfa3d69d216b54b/modules/nf-core/custom/tabulartogseagct/main.nf
  _nf_script_bfc09f69528f1854: /home/nina/.nextflow/assets/.repos/nf-core/differentialabundance/clones/30ed7741fc392127156c2fb10cfa3d69d216b54b/subworkflows/nf-core/utils_nfschema_plugin/main.nf
  _nf_script_684be12888974785: /home/nina/.nextflow/assets/.repos/nf-core/differentialabundance/clones/30ed7741fc392127156c2fb10cfa3d69d216b54b/modules/nf-core/custom/tabulartogseachip/main.nf
  _nf_script_2a5490faeaed9d58: /home/nina/.nextflow/assets/.repos/nf-core/differentialabundance/clones/30ed7741fc392127156c2fb10cfa3d69d216b54b/subworkflows/nf-core/abundance_differential_filter/main.nf
  _nf_script_3b8a850627cd560c: /home/nina/.nextflow/assets/.repos/nf-core/differentialabundance/clones/30ed7741fc392127156c2fb10cfa3d69d216b54b/modules/nf-core/decoupler/decoupler/main.nf
  _nf_script_bed281f8e445d49c: /home/nina/.nextflow/assets/.repos/nf-core/differentialabundance/clones/30ed7741fc392127156c2fb10cfa3d69d216b54b/subworkflows/nf-core/utils_nfcore_pipeline/main.nf
  _nf_script_189954ed473d6004: /home/nina/.nextflow/assets/.repos/nf-core/differentialabundance/clones/30ed7741fc392127156c2fb10cfa3d69d216b54b/subworkflows/local/utils_nfcore_differentialabundance_pipeline/main.nf
  _nf_script_95384ea40941a996: /home/nina/.nextflow/assets/.repos/nf-core/differentialabundance/clones/30ed7741fc392127156c2fb10cfa3d69d216b54b/subworkflows/nf-core/utils_nextflow_pipeline/main.nf
  _nf_script_9fd786e02e383566: /home/nina/.nextflow/assets/.repos/nf-core/differentialabundance/clones/30ed7741fc392127156c2fb10cfa3d69d216b54b/modules/nf-core/limma/differential/main.nf
  _nf_script_ca48f7ac3c2255b4: /home/nina/.nextflow/assets/.repos/nf-core/differentialabundance/clones/30ed7741fc392127156c2fb10cfa3d69d216b54b/modules/nf-core/proteus/readproteingroups/main.nf
  _nf_script_5a9fb37739efb422: /home/nina/.nextflow/assets/.repos/nf-core/differentialabundance/clones/30ed7741fc392127156c2fb10cfa3d69d216b54b/modules/nf-core/custom/tabulartogseacls/main.nf
  _nf_script_69ebaef575d6a77f: /home/nina/.nextflow/assets/.repos/nf-core/differentialabundance/clones/30ed7741fc392127156c2fb10cfa3d69d216b54b/modules/nf-core/atlasgeneannotationmanipulation/gtf2featureannotation/main.nf
  _nf_script_f2b1726424944fe2: /home/nina/.nextflow/assets/.repos/nf-core/differentialabundance/clones/30ed7741fc392127156c2fb10cfa3d69d216b54b/workflows/differentialabundance.nf
  _nf_script_55a21f276509e3a9: /home/nina/.nextflow/assets/.repos/nf-core/differentialabundance/clones/30ed7741fc392127156c2fb10cfa3d69d216b54b/modules/nf-core/custom/matrixfilter/main.nf
  _nf_script_d7180f5ec346a01f: /home/nina/.nextflow/assets/.repos/nf-core/differentialabundance/clones/30ed7741fc392127156c2fb10cfa3d69d216b54b/modules/nf-core/shinyngs/validatefomcomponents/main.nf
  _nf_script_4bc7d0b7d1f73f8b: /home/nina/.nextflow/assets/.repos/nf-core/differentialabundance/clones/30ed7741fc392127156c2fb10cfa3d69d216b54b/modules/nf-core/affy/justrma/main.nf
  _nf_script_4efd71c46da5c961: /home/nina/.nextflow/assets/.repos/nf-core/differentialabundance/clones/30ed7741fc392127156c2fb10cfa3d69d216b54b/modules/nf-core/gunzip/main.nf
  _nf_script_4c2715be1476bb6d: /home/nina/.nextflow/assets/.repos/nf-core/differentialabundance/clones/30ed7741fc392127156c2fb10cfa3d69d216b54b/modules/nf-core/csvtk/join/main.nf
  _nf_script_53e4fdeb684551a6: /home/nina/.nextflow/assets/.repos/nf-core/differentialabundance/clones/30ed7741fc392127156c2fb10cfa3d69d216b54b/modules/nf-core/shinyngs/app/main.nf
  _nf_script_526007931253ec04: /home/nina/.nextflow/assets/.repos/nf-core/differentialabundance/clones/30ed7741fc392127156c2fb10cfa3d69d216b54b/modules/nf-core/gsea/gsea/main.nf
  _nf_script_2d4d7e0dd5c51d8a: /home/nina/.nextflow/assets/.repos/nf-core/differentialabundance/clones/30ed7741fc392127156c2fb10cfa3d69d216b54b/modules/nf-core/variancepartition/dream/main.nf
  _nf_script_6f4a111683340761: /home/nina/.nextflow/assets/.repos/nf-core/differentialabundance/clones/30ed7741fc392127156c2fb10cfa3d69d216b54b/modules/nf-core/deseq2/differential/main.nf
  _nf_script_ae42aa6c519dc52f: /home/nina/.nextflow/assets/.repos/nf-core/differentialabundance/clones/30ed7741fc392127156c2fb10cfa3d69d216b54b/modules/nf-core/quartonotebook/main.nf
  _nf_script_7b320f51874750c9: /home/nina/.nextflow/assets/.repos/nf-core/differentialabundance/clones/30ed7741fc392127156c2fb10cfa3d69d216b54b/modules/nf-core/zip/main.nf
  _nf_script_c3fe6a1508291631: /home/nina/.nextflow/assets/.repos/nf-core/differentialabundance/clones/30ed7741fc392127156c2fb10cfa3d69d216b54b/modules/nf-core/untar/main.nf
  Main: /home/nina/.nextflow/assets/.repos/nf-core/differentialabundance/clones/30ed7741fc392127156c2fb10cfa3d69d216b54b/main.nf
Sep-30 20:44:57.130 [main] DEBUG nextflow.script.ScriptRunner - > Awaiting termination 
Sep-30 20:44:57.130 [main] DEBUG nextflow.Session - Session await
Sep-30 20:44:57.279 [Task submitter] DEBUG n.executor.local.LocalTaskHandler - Launch cmd line: /bin/bash -ue .command.run
Sep-30 20:44:57.281 [Task submitter] INFO  nextflow.Session - [87/e11566] Submitted process > NFCORE_DIFFERENTIALABUNDANCE:DIFFERENTIALABUNDANCE:VALIDATOR (sample_sheet.csv)
Sep-30 20:45:07.086 [Task monitor] DEBUG n.processor.TaskPollingMonitor - Task completed > TaskHandler[id: 1; name: NFCORE_DIFFERENTIALABUNDANCE:DIFFERENTIALABUNDANCE:VALIDATOR (sample_sheet.csv); status: COMPLETED; exit: 0; error: -; workDir: /home/nina/computational-workflows-2026/day_03/work/87/e11566280b54e05fc194c64f73faa1]
Sep-30 20:45:07.086 [Task monitor] DEBUG nextflow.util.ThreadPoolBuilder - Creating thread pool 'TaskFinalizer' minSize=10; maxSize=66; workQueue=LinkedBlockingQueue[-1]; allowCoreThreadTimeout=false
Sep-30 20:45:07.323 [Task submitter] DEBUG n.executor.local.LocalTaskHandler - Launch cmd line: /bin/bash -ue .command.run
Sep-30 20:45:07.323 [Task submitter] INFO  nextflow.Session - [58/050318] Submitted process > NFCORE_DIFFERENTIALABUNDANCE:DIFFERENTIALABUNDANCE:CUSTOM_MATRIXFILTER (study)
Sep-30 20:45:18.661 [Task monitor] DEBUG n.processor.TaskPollingMonitor - Task completed > TaskHandler[id: 2; name: NFCORE_DIFFERENTIALABUNDANCE:DIFFERENTIALABUNDANCE:CUSTOM_MATRIXFILTER (study); status: COMPLETED; exit: 0; error: -; workDir: /home/nina/computational-workflows-2026/day_03/work/58/05031858c2799afcd0ce57c9197820]
Sep-30 20:45:18.780 [Task submitter] DEBUG n.executor.local.LocalTaskHandler - Launch cmd line: /bin/bash -ue .command.run
Sep-30 20:45:18.781 [Task submitter] INFO  nextflow.Session - [ca/ca2f19] Submitted process > NFCORE_DIFFERENTIALABUNDANCE:DIFFERENTIALABUNDANCE:ABUNDANCE_DIFFERENTIAL_FILTER:DESEQ2_NORM (study)
Sep-30 20:45:18.787 [Task submitter] DEBUG n.executor.local.LocalTaskHandler - Launch cmd line: /bin/bash -ue .command.run
Sep-30 20:45:18.788 [Task submitter] INFO  nextflow.Session - [01/411cc7] Submitted process > NFCORE_DIFFERENTIALABUNDANCE:DIFFERENTIALABUNDANCE:ABUNDANCE_DIFFERENTIAL_FILTER:DESEQ2_DIFFERENTIAL (condition_control_treated_sni_sal_vs_sham_sal_study)
Sep-30 20:45:18.797 [Task submitter] DEBUG n.executor.local.LocalTaskHandler - Launch cmd line: /bin/bash -ue .command.run
Sep-30 20:45:18.798 [Task submitter] INFO  nextflow.Session - [6f/5140e2] Submitted process > NFCORE_DIFFERENTIALABUNDANCE:DIFFERENTIALABUNDANCE:ABUNDANCE_DIFFERENTIAL_FILTER:DESEQ2_DIFFERENTIAL (condition_control_treated_Sham_sal_vs_sni_oxy_study)
Sep-30 20:45:18.809 [Task submitter] DEBUG n.executor.local.LocalTaskHandler - Launch cmd line: /bin/bash -ue .command.run
Sep-30 20:45:18.811 [Task submitter] INFO  nextflow.Session - [2d/8d9c84] Submitted process > NFCORE_DIFFERENTIALABUNDANCE:DIFFERENTIALABUNDANCE:ABUNDANCE_DIFFERENTIAL_FILTER:DESEQ2_DIFFERENTIAL (condition_control_treated_test_study)
Sep-30 20:45:18.819 [Task submitter] DEBUG n.executor.local.LocalTaskHandler - Launch cmd line: /bin/bash -ue .command.run
Sep-30 20:45:18.819 [Task submitter] INFO  nextflow.Session - [36/08eebe] Submitted process > NFCORE_DIFFERENTIALABUNDANCE:DIFFERENTIALABUNDANCE:ABUNDANCE_DIFFERENTIAL_FILTER:DESEQ2_DIFFERENTIAL (condition_control_treated_study)
Sep-30 20:46:08.560 [Task monitor] DEBUG n.processor.TaskPollingMonitor - Task completed > TaskHandler[id: 5; name: NFCORE_DIFFERENTIALABUNDANCE:DIFFERENTIALABUNDANCE:ABUNDANCE_DIFFERENTIAL_FILTER:DESEQ2_DIFFERENTIAL (condition_control_treated_Sham_sal_vs_sni_oxy_study); status: COMPLETED; exit: 0; error: -; workDir: /home/nina/computational-workflows-2026/day_03/work/6f/5140e2fbf7ffe69e4dc415e481afc2]
Sep-30 20:46:08.648 [TaskFinalizer-3] DEBUG nextflow.processor.TaskProcessor - Process NFCORE_DIFFERENTIALABUNDANCE:DIFFERENTIALABUNDANCE:ABUNDANCE_DIFFERENTIAL_FILTER:DESEQ2_DIFFERENTIAL > Skipping output binding because one or more optional files are missing: fileoutparam<6:1>
Sep-30 20:46:08.661 [Actor Thread 29] DEBUG nextflow.util.ThreadPoolBuilder - Creating thread pool 'PublishDir' minSize=10; maxSize=66; workQueue=LinkedBlockingQueue[-1]; allowCoreThreadTimeout=false
Sep-30 20:46:08.678 [Task submitter] DEBUG n.executor.local.LocalTaskHandler - Launch cmd line: /bin/bash -ue .command.run
Sep-30 20:46:08.678 [Task submitter] INFO  nextflow.Session - [37/53358e] Submitted process > NFCORE_DIFFERENTIALABUNDANCE:DIFFERENTIALABUNDANCE:ABUNDANCE_DIFFERENTIAL_FILTER:CUSTOM_FILTERDIFFERENTIALTABLE (condition_control_treated_Sham_sal_vs_sni_oxy_study)
Sep-30 20:46:09.332 [Task monitor] DEBUG n.processor.TaskPollingMonitor - Task completed > TaskHandler[id: 7; name: NFCORE_DIFFERENTIALABUNDANCE:DIFFERENTIALABUNDANCE:ABUNDANCE_DIFFERENTIAL_FILTER:DESEQ2_NORM (study); status: COMPLETED; exit: 0; error: -; workDir: /home/nina/computational-workflows-2026/day_03/work/ca/ca2f192c618984c3d0c55b9faf52e9]
Sep-30 20:46:09.343 [TaskFinalizer-4] DEBUG nextflow.processor.TaskProcessor - Process NFCORE_DIFFERENTIALABUNDANCE:DIFFERENTIALABUNDANCE:ABUNDANCE_DIFFERENTIAL_FILTER:DESEQ2_NORM > Skipping output binding because one or more optional files are missing: fileoutparam<6:1>
Sep-30 20:46:09.343 [Task monitor] DEBUG n.processor.TaskPollingMonitor - Task completed > TaskHandler[id: 6; name: NFCORE_DIFFERENTIALABUNDANCE:DIFFERENTIALABUNDANCE:ABUNDANCE_DIFFERENTIAL_FILTER:DESEQ2_DIFFERENTIAL (condition_control_treated_sni_sal_vs_sham_sal_study); status: COMPLETED; exit: 0; error: -; workDir: /home/nina/computational-workflows-2026/day_03/work/01/411cc7da507f6f20432807cbc70150]
Sep-30 20:46:09.353 [TaskFinalizer-5] DEBUG nextflow.processor.TaskProcessor - Process NFCORE_DIFFERENTIALABUNDANCE:DIFFERENTIALABUNDANCE:ABUNDANCE_DIFFERENTIAL_FILTER:DESEQ2_DIFFERENTIAL > Skipping output binding because one or more optional files are missing: fileoutparam<6:1>
Sep-30 20:46:09.364 [Task submitter] DEBUG n.executor.local.LocalTaskHandler - Launch cmd line: /bin/bash -ue .command.run
Sep-30 20:46:09.365 [Task submitter] INFO  nextflow.Session - [e6/ee1cfe] Submitted process > NFCORE_DIFFERENTIALABUNDANCE:DIFFERENTIALABUNDANCE:ABUNDANCE_DIFFERENTIAL_FILTER:CUSTOM_FILTERDIFFERENTIALTABLE (condition_control_treated_sni_sal_vs_sham_sal_study)
Sep-30 20:46:09.829 [Task monitor] DEBUG n.processor.TaskPollingMonitor - Task completed > TaskHandler[id: 8; name: NFCORE_DIFFERENTIALABUNDANCE:DIFFERENTIALABUNDANCE:ABUNDANCE_DIFFERENTIAL_FILTER:CUSTOM_FILTERDIFFERENTIALTABLE (condition_control_treated_Sham_sal_vs_sni_oxy_study); status: COMPLETED; exit: 0; error: -; workDir: /home/nina/computational-workflows-2026/day_03/work/37/53358e32272bbe662ff625f358d550]
Sep-30 20:46:09.837 [Task submitter] DEBUG n.executor.local.LocalTaskHandler - Launch cmd line: /bin/bash -ue .command.run
Sep-30 20:46:09.838 [Task submitter] INFO  nextflow.Session - [eb/a04de1] Submitted process > NFCORE_DIFFERENTIALABUNDANCE:DIFFERENTIALABUNDANCE:PLOT_EXPLORATORY (Condition)
Sep-30 20:46:10.269 [Task monitor] DEBUG n.processor.TaskPollingMonitor - Task completed > TaskHandler[id: 4; name: NFCORE_DIFFERENTIALABUNDANCE:DIFFERENTIALABUNDANCE:ABUNDANCE_DIFFERENTIAL_FILTER:DESEQ2_DIFFERENTIAL (condition_control_treated_test_study); status: COMPLETED; exit: 0; error: -; workDir: /home/nina/computational-workflows-2026/day_03/work/2d/8d9c845f0ffb6432865bda50cadda9]
Sep-30 20:46:10.280 [TaskFinalizer-7] DEBUG nextflow.processor.TaskProcessor - Process NFCORE_DIFFERENTIALABUNDANCE:DIFFERENTIALABUNDANCE:ABUNDANCE_DIFFERENTIAL_FILTER:DESEQ2_DIFFERENTIAL > Skipping output binding because one or more optional files are missing: fileoutparam<6:1>
Sep-30 20:46:10.303 [Task submitter] DEBUG n.executor.local.LocalTaskHandler - Launch cmd line: /bin/bash -ue .command.run
Sep-30 20:46:10.304 [Task submitter] INFO  nextflow.Session - [c8/a4cb93] Submitted process > NFCORE_DIFFERENTIALABUNDANCE:DIFFERENTIALABUNDANCE:ABUNDANCE_DIFFERENTIAL_FILTER:CUSTOM_FILTERDIFFERENTIALTABLE (condition_control_treated_test_study)
Sep-30 20:46:10.368 [Task monitor] DEBUG n.processor.TaskPollingMonitor - Task completed > TaskHandler[id: 9; name: NFCORE_DIFFERENTIALABUNDANCE:DIFFERENTIALABUNDANCE:ABUNDANCE_DIFFERENTIAL_FILTER:CUSTOM_FILTERDIFFERENTIALTABLE (condition_control_treated_sni_sal_vs_sham_sal_study); status: COMPLETED; exit: 0; error: -; workDir: /home/nina/computational-workflows-2026/day_03/work/e6/ee1cfe8e56824756445d87fd860e20]
Sep-30 20:46:10.567 [Task monitor] DEBUG n.processor.TaskPollingMonitor - Task completed > TaskHandler[id: 3; name: NFCORE_DIFFERENTIALABUNDANCE:DIFFERENTIALABUNDANCE:ABUNDANCE_DIFFERENTIAL_FILTER:DESEQ2_DIFFERENTIAL (condition_control_treated_study); status: COMPLETED; exit: 0; error: -; workDir: /home/nina/computational-workflows-2026/day_03/work/36/08eebeffe18021c0c6587ecb99208d]
Sep-30 20:46:10.575 [TaskFinalizer-9] DEBUG nextflow.processor.TaskProcessor - Process NFCORE_DIFFERENTIALABUNDANCE:DIFFERENTIALABUNDANCE:ABUNDANCE_DIFFERENTIAL_FILTER:DESEQ2_DIFFERENTIAL > Skipping output binding because one or more optional files are missing: fileoutparam<6:1>
Sep-30 20:46:10.590 [Task submitter] DEBUG n.executor.local.LocalTaskHandler - Launch cmd line: /bin/bash -ue .command.run
Sep-30 20:46:10.591 [Task submitter] INFO  nextflow.Session - [78/55a031] Submitted process > NFCORE_DIFFERENTIALABUNDANCE:DIFFERENTIALABUNDANCE:ABUNDANCE_DIFFERENTIAL_FILTER:CUSTOM_FILTERDIFFERENTIALTABLE (condition_control_treated_study)
Sep-30 20:46:10.604 [Task submitter] DEBUG n.executor.local.LocalTaskHandler - Launch cmd line: /bin/bash -ue .command.run
Sep-30 20:46:10.605 [Task submitter] INFO  nextflow.Session - [d3/29403b] Submitted process > NFCORE_DIFFERENTIALABUNDANCE:DIFFERENTIALABUNDANCE:CSVTK_JOIN (condition_control_treated_study)
Sep-30 20:46:10.670 [Actor Thread 15] DEBUG nextflow.sort.BigSort - Sort completed -- entries: 1; slices: 1; internal sort time: 0.001 s; external sort time: 0.016 s; total time: 0.017 s
Sep-30 20:46:10.671 [Actor Thread 19] DEBUG nextflow.sort.BigSort - Sort completed -- entries: 1; slices: 1; internal sort time: 0.002 s; external sort time: 0.016 s; total time: 0.018 s
Sep-30 20:46:10.700 [Actor Thread 19] DEBUG nextflow.file.FileCollector - Saved collect-files list to: /home/nina/computational-workflows-2026/day_03/work/collect-file/d35805c97351c890a4da740cb2dee300
Sep-30 20:46:10.705 [Actor Thread 15] DEBUG nextflow.file.FileCollector - Saved collect-files list to: /home/nina/computational-workflows-2026/day_03/work/collect-file/70a5d98e127ee86b86c083f5ddd9f4a1
Sep-30 20:46:10.710 [Actor Thread 19] DEBUG nextflow.file.FileCollector - Deleting file collector temp dir: /tmp/nxf-7734752868858831051
Sep-30 20:46:10.711 [Actor Thread 15] DEBUG nextflow.file.FileCollector - Deleting file collector temp dir: /tmp/nxf-14041704343667145281
Sep-30 20:46:11.245 [Task monitor] DEBUG n.processor.TaskPollingMonitor - Task completed > TaskHandler[id: 18; name: NFCORE_DIFFERENTIALABUNDANCE:DIFFERENTIALABUNDANCE:CSVTK_JOIN (condition_control_treated_study); status: COMPLETED; exit: 0; error: -; workDir: /home/nina/computational-workflows-2026/day_03/work/d3/29403b0e85ebc6693a7a6478ceb4d4]
Sep-30 20:46:11.253 [Task submitter] DEBUG n.executor.local.LocalTaskHandler - Launch cmd line: /bin/bash -ue .command.run
Sep-30 20:46:11.253 [Task submitter] INFO  nextflow.Session - [7d/524396] Submitted process > NFCORE_DIFFERENTIALABUNDANCE:DIFFERENTIALABUNDANCE:CSVTK_JOIN (condition_control_treated_test_study)
Sep-30 20:46:11.257 [Task monitor] DEBUG n.processor.TaskPollingMonitor - Task completed > TaskHandler[id: 11; name: NFCORE_DIFFERENTIALABUNDANCE:DIFFERENTIALABUNDANCE:ABUNDANCE_DIFFERENTIAL_FILTER:CUSTOM_FILTERDIFFERENTIALTABLE (condition_control_treated_test_study); status: COMPLETED; exit: 0; error: -; workDir: /home/nina/computational-workflows-2026/day_03/work/c8/a4cb931166bbd399ad70dae37ae227]
Sep-30 20:46:11.262 [Task submitter] DEBUG n.executor.local.LocalTaskHandler - Launch cmd line: /bin/bash -ue .command.run
Sep-30 20:46:11.262 [Task submitter] INFO  nextflow.Session - [13/12cac8] Submitted process > NFCORE_DIFFERENTIALABUNDANCE:DIFFERENTIALABUNDANCE:CSVTK_JOIN (condition_control_treated_sni_sal_vs_sham_sal_study)
Sep-30 20:46:11.610 [Task monitor] DEBUG n.processor.TaskPollingMonitor - Task completed > TaskHandler[id: 12; name: NFCORE_DIFFERENTIALABUNDANCE:DIFFERENTIALABUNDANCE:ABUNDANCE_DIFFERENTIAL_FILTER:CUSTOM_FILTERDIFFERENTIALTABLE (condition_control_treated_study); status: COMPLETED; exit: 0; error: -; workDir: /home/nina/computational-workflows-2026/day_03/work/78/55a0314210d5996b5a614dfaa5386c]
Sep-30 20:46:11.617 [Task submitter] DEBUG n.executor.local.LocalTaskHandler - Launch cmd line: /bin/bash -ue .command.run
Sep-30 20:46:11.618 [Task submitter] INFO  nextflow.Session - [25/b308de] Submitted process > NFCORE_DIFFERENTIALABUNDANCE:DIFFERENTIALABUNDANCE:CSVTK_JOIN (condition_control_treated_Sham_sal_vs_sni_oxy_study)
Sep-30 20:46:11.903 [Task monitor] DEBUG n.processor.TaskPollingMonitor - Task completed > TaskHandler[id: 17; name: NFCORE_DIFFERENTIALABUNDANCE:DIFFERENTIALABUNDANCE:CSVTK_JOIN (condition_control_treated_test_study); status: COMPLETED; exit: 0; error: -; workDir: /home/nina/computational-workflows-2026/day_03/work/7d/524396ab01678114a79ece739483d5]
Sep-30 20:46:11.915 [Task monitor] DEBUG n.processor.TaskPollingMonitor - Task completed > TaskHandler[id: 15; name: NFCORE_DIFFERENTIALABUNDANCE:DIFFERENTIALABUNDANCE:CSVTK_JOIN (condition_control_treated_sni_sal_vs_sham_sal_study); status: COMPLETED; exit: 0; error: -; workDir: /home/nina/computational-workflows-2026/day_03/work/13/12cac8bfab243a0bff664da40a0134]
Sep-30 20:46:11.919 [Task submitter] DEBUG n.executor.local.LocalTaskHandler - Launch cmd line: /bin/bash -ue .command.run
Sep-30 20:46:11.920 [Task submitter] INFO  nextflow.Session - [89/12b828] Submitted process > NFCORE_DIFFERENTIALABUNDANCE:DIFFERENTIALABUNDANCE:PLOT_DIFFERENTIAL (condition_control_treated_test_study)
Sep-30 20:46:12.170 [Task monitor] DEBUG n.processor.TaskPollingMonitor - Task completed > TaskHandler[id: 13; name: NFCORE_DIFFERENTIALABUNDANCE:DIFFERENTIALABUNDANCE:CSVTK_JOIN (condition_control_treated_Sham_sal_vs_sni_oxy_study); status: COMPLETED; exit: 0; error: -; workDir: /home/nina/computational-workflows-2026/day_03/work/25/b308dec55aee3510c56ec50aab923a]
Sep-30 20:46:21.711 [Task monitor] DEBUG n.processor.TaskPollingMonitor - Task completed > TaskHandler[id: 19; name: NFCORE_DIFFERENTIALABUNDANCE:DIFFERENTIALABUNDANCE:PLOT_DIFFERENTIAL (condition_control_treated_test_study); status: COMPLETED; exit: 0; error: -; workDir: /home/nina/computational-workflows-2026/day_03/work/89/12b828374eaf7a835510272c4d9503]
Sep-30 20:46:21.715 [Task submitter] DEBUG n.executor.local.LocalTaskHandler - Launch cmd line: /bin/bash -ue .command.run
Sep-30 20:46:21.716 [Task submitter] INFO  nextflow.Session - [00/7ab310] Submitted process > NFCORE_DIFFERENTIALABUNDANCE:DIFFERENTIALABUNDANCE:PLOT_DIFFERENTIAL (condition_control_treated_study)
Sep-30 20:46:21.716 [TaskFinalizer-6] DEBUG nextflow.processor.TaskProcessor - Process NFCORE_DIFFERENTIALABUNDANCE:DIFFERENTIALABUNDANCE:PLOT_DIFFERENTIAL > Skipping output binding because one or more optional files are missing: fileoutparam<1:1>
Sep-30 20:46:30.332 [Task monitor] DEBUG n.processor.TaskPollingMonitor - Task completed > TaskHandler[id: 10; name: NFCORE_DIFFERENTIALABUNDANCE:DIFFERENTIALABUNDANCE:PLOT_EXPLORATORY (Condition); status: COMPLETED; exit: 0; error: -; workDir: /home/nina/computational-workflows-2026/day_03/work/eb/a04de1e6a5f08560184e79278d2f38]
Sep-30 20:46:30.337 [Task submitter] DEBUG n.executor.local.LocalTaskHandler - Launch cmd line: /bin/bash -ue .command.run
Sep-30 20:46:30.337 [Task submitter] INFO  nextflow.Session - [38/78ae18] Submitted process > NFCORE_DIFFERENTIALABUNDANCE:DIFFERENTIALABUNDANCE:PLOT_DIFFERENTIAL (condition_control_treated_Sham_sal_vs_sni_oxy_study)
Sep-30 20:46:30.341 [TaskFinalizer-7] DEBUG nextflow.processor.TaskProcessor - Process NFCORE_DIFFERENTIALABUNDANCE:DIFFERENTIALABUNDANCE:PLOT_EXPLORATORY > Skipping output binding because one or more optional files are missing: fileoutparam<1:1>
Sep-30 20:46:30.341 [TaskFinalizer-7] DEBUG nextflow.processor.TaskProcessor - Process NFCORE_DIFFERENTIALABUNDANCE:DIFFERENTIALABUNDANCE:PLOT_EXPLORATORY > Skipping output binding because one or more optional files are missing: fileoutparam<3:1>
Sep-30 20:46:30.342 [TaskFinalizer-7] DEBUG nextflow.processor.TaskProcessor - Process NFCORE_DIFFERENTIALABUNDANCE:DIFFERENTIALABUNDANCE:PLOT_EXPLORATORY > Skipping output binding because one or more optional files are missing: fileoutparam<5:1>
Sep-30 20:46:30.342 [TaskFinalizer-7] DEBUG nextflow.processor.TaskProcessor - Process NFCORE_DIFFERENTIALABUNDANCE:DIFFERENTIALABUNDANCE:PLOT_EXPLORATORY > Skipping output binding because one or more optional files are missing: fileoutparam<7:1>
Sep-30 20:46:30.342 [TaskFinalizer-7] DEBUG nextflow.processor.TaskProcessor - Process NFCORE_DIFFERENTIALABUNDANCE:DIFFERENTIALABUNDANCE:PLOT_EXPLORATORY > Skipping output binding because one or more optional files are missing: fileoutparam<9:1>
Sep-30 20:46:31.400 [Task monitor] DEBUG n.processor.TaskPollingMonitor - Task completed > TaskHandler[id: 20; name: NFCORE_DIFFERENTIALABUNDANCE:DIFFERENTIALABUNDANCE:PLOT_DIFFERENTIAL (condition_control_treated_study); status: COMPLETED; exit: 0; error: -; workDir: /home/nina/computational-workflows-2026/day_03/work/00/7ab3109eab63a0c33bd37469c7f3c5]
Sep-30 20:46:31.403 [TaskFinalizer-8] DEBUG nextflow.processor.TaskProcessor - Process NFCORE_DIFFERENTIALABUNDANCE:DIFFERENTIALABUNDANCE:PLOT_DIFFERENTIAL > Skipping output binding because one or more optional files are missing: fileoutparam<1:1>
Sep-30 20:46:31.406 [Task submitter] DEBUG n.executor.local.LocalTaskHandler - Launch cmd line: /bin/bash -ue .command.run
Sep-30 20:46:31.407 [Task submitter] INFO  nextflow.Session - [25/ba7655] Submitted process > NFCORE_DIFFERENTIALABUNDANCE:DIFFERENTIALABUNDANCE:PLOT_DIFFERENTIAL (condition_control_treated_sni_sal_vs_sham_sal_study)
Sep-30 20:46:40.075 [Task monitor] DEBUG n.processor.TaskPollingMonitor - Task completed > TaskHandler[id: 14; name: NFCORE_DIFFERENTIALABUNDANCE:DIFFERENTIALABUNDANCE:PLOT_DIFFERENTIAL (condition_control_treated_Sham_sal_vs_sni_oxy_study); status: COMPLETED; exit: 0; error: -; workDir: /home/nina/computational-workflows-2026/day_03/work/38/78ae18010ee63ac32841f1f9bc5088]
Sep-30 20:46:40.080 [TaskFinalizer-9] DEBUG nextflow.processor.TaskProcessor - Process NFCORE_DIFFERENTIALABUNDANCE:DIFFERENTIALABUNDANCE:PLOT_DIFFERENTIAL > Skipping output binding because one or more optional files are missing: fileoutparam<1:1>
Sep-30 20:46:40.083 [Task submitter] DEBUG n.executor.local.LocalTaskHandler - Launch cmd line: /bin/bash -ue .command.run
Sep-30 20:46:40.083 [Task submitter] INFO  nextflow.Session - [44/9f8690] Submitted process > NFCORE_DIFFERENTIALABUNDANCE:DIFFERENTIALABUNDANCE:SHINYNGS_APP (study)
Sep-30 20:46:41.179 [Task monitor] DEBUG n.processor.TaskPollingMonitor - Task completed > TaskHandler[id: 16; name: NFCORE_DIFFERENTIALABUNDANCE:DIFFERENTIALABUNDANCE:PLOT_DIFFERENTIAL (condition_control_treated_sni_sal_vs_sham_sal_study); status: COMPLETED; exit: 0; error: -; workDir: /home/nina/computational-workflows-2026/day_03/work/25/ba76558abec41d4bdd9da9a0a62741]
Sep-30 20:46:41.182 [TaskFinalizer-10] DEBUG nextflow.processor.TaskProcessor - Process NFCORE_DIFFERENTIALABUNDANCE:DIFFERENTIALABUNDANCE:PLOT_DIFFERENTIAL > Skipping output binding because one or more optional files are missing: fileoutparam<1:1>
Sep-30 20:46:51.668 [Task monitor] DEBUG n.processor.TaskPollingMonitor - Task completed > TaskHandler[id: 21; name: NFCORE_DIFFERENTIALABUNDANCE:DIFFERENTIALABUNDANCE:SHINYNGS_APP (study); status: COMPLETED; exit: 0; error: -; workDir: /home/nina/computational-workflows-2026/day_03/work/44/9f86906adaf9af984e43f1080183d7]
Sep-30 20:46:51.679 [Actor Thread 2] DEBUG nextflow.sort.BigSort - Sort completed -- entries: 10; slices: 1; internal sort time: 0.002 s; external sort time: 0.001 s; total time: 0.003 s
Sep-30 20:46:51.682 [Actor Thread 32] DEBUG nextflow.sort.BigSort - Sort completed -- entries: 10; slices: 1; internal sort time: 0.005 s; external sort time: 0.001 s; total time: 0.006 s
Sep-30 20:46:51.685 [Actor Thread 2] DEBUG nextflow.file.FileCollector - Saved collect-files list to: /home/nina/computational-workflows-2026/day_03/work/collect-file/3840f8cefda5cc303f77bc094989403a
Sep-30 20:46:51.686 [Actor Thread 2] DEBUG nextflow.file.FileCollector - Deleting file collector temp dir: /tmp/nxf-5207807776321532417
Sep-30 20:46:51.689 [Actor Thread 32] DEBUG nextflow.file.FileCollector - Saved collect-files list to: /home/nina/computational-workflows-2026/day_03/work/collect-file/25057e1c2d2dd5692903bd663995f04d
Sep-30 20:46:51.690 [Actor Thread 32] DEBUG nextflow.file.FileCollector - Deleting file collector temp dir: /tmp/nxf-13193141248531966008
Sep-30 20:46:51.783 [Actor Thread 23] DEBUG nextflow.util.HashBuilder - Hash asset file sha-256: /home/nina/.nextflow/assets/.repos/nf-core/differentialabundance/clones/30ed7741fc392127156c2fb10cfa3d69d216b54b/assets/differentialabundance_report.qmd
Sep-30 20:46:51.787 [Actor Thread 23] DEBUG nextflow.util.HashBuilder - Hash asset file sha-256: /home/nina/.nextflow/assets/.repos/nf-core/differentialabundance/clones/30ed7741fc392127156c2fb10cfa3d69d216b54b/docs/images/nf-core-differentialabundance_logo_light.png
Sep-30 20:46:51.787 [Actor Thread 23] DEBUG nextflow.util.HashBuilder - Hash asset file sha-256: /home/nina/.nextflow/assets/.repos/nf-core/differentialabundance/clones/30ed7741fc392127156c2fb10cfa3d69d216b54b/assets/nf-core_style.css
Sep-30 20:46:51.787 [Actor Thread 23] DEBUG nextflow.util.HashBuilder - Hash asset file sha-256: /home/nina/.nextflow/assets/.repos/nf-core/differentialabundance/clones/30ed7741fc392127156c2fb10cfa3d69d216b54b/CITATIONS.md
Sep-30 20:46:51.802 [Task submitter] DEBUG n.executor.local.LocalTaskHandler - Launch cmd line: /bin/bash -ue .command.run
Sep-30 20:46:51.803 [Task submitter] INFO  nextflow.Session - [a0/c21cbe] Submitted process > NFCORE_DIFFERENTIALABUNDANCE:DIFFERENTIALABUNDANCE:QUARTONOTEBOOK (study)
Sep-30 20:47:58.037 [Task monitor] DEBUG n.processor.TaskPollingMonitor - Task completed > TaskHandler[id: 22; name: NFCORE_DIFFERENTIALABUNDANCE:DIFFERENTIALABUNDANCE:QUARTONOTEBOOK (study); status: COMPLETED; exit: 0; error: -; workDir: /home/nina/computational-workflows-2026/day_03/work/a0/c21cbe351ed853b000540c9d0d17e3]
Sep-30 20:47:58.042 [TaskFinalizer-2] DEBUG n.processor.TaskFileCollector - Process `NFCORE_DIFFERENTIALABUNDANCE:DIFFERENTIALABUNDANCE:QUARTONOTEBOOK (study)` is unable to find [UnixPath]: `/home/nina/computational-workflows-2026/day_03/work/a0/c21cbe351ed853b000540c9d0d17e3/_extensions` (pattern: `_extensions`)
Sep-30 20:47:58.045 [TaskFinalizer-2] DEBUG nextflow.processor.TaskProcessor - Process NFCORE_DIFFERENTIALABUNDANCE:DIFFERENTIALABUNDANCE:QUARTONOTEBOOK > Skipping output binding because one or more optional files are missing: fileoutparam<3:1>
Sep-30 20:47:58.046 [TaskFinalizer-2] DEBUG nextflow.processor.TaskProcessor - Process NFCORE_DIFFERENTIALABUNDANCE:DIFFERENTIALABUNDANCE:QUARTONOTEBOOK > Skipping output binding because one or more optional files are missing: fileoutparam<4:1>
Sep-30 20:47:58.062 [Task submitter] DEBUG n.executor.local.LocalTaskHandler - Launch cmd line: /bin/bash -ue .command.run
Sep-30 20:47:58.062 [Task submitter] INFO  nextflow.Session - [d9/5e1e29] Submitted process > NFCORE_DIFFERENTIALABUNDANCE:DIFFERENTIALABUNDANCE:MAKE_REPORT_BUNDLE (study)
Sep-30 20:47:59.489 [Task monitor] DEBUG n.processor.TaskPollingMonitor - Task completed > TaskHandler[id: 23; name: NFCORE_DIFFERENTIALABUNDANCE:DIFFERENTIALABUNDANCE:MAKE_REPORT_BUNDLE (study); status: COMPLETED; exit: 0; error: -; workDir: /home/nina/computational-workflows-2026/day_03/work/d9/5e1e29056f64ec40b21da1fe92d669]
Sep-30 20:47:59.492 [main] DEBUG nextflow.Session - Session await > all processes finished
Sep-30 20:47:59.589 [Task monitor] DEBUG n.processor.TaskPollingMonitor - <<< barrier arrives (monitor: local) - terminating tasks monitor poll loop
Sep-30 20:47:59.590 [main] DEBUG nextflow.Session - Session await > all barriers passed
Sep-30 20:47:59.593 [main] DEBUG nextflow.util.ThreadPoolManager - Thread pool 'TaskFinalizer' shutdown completed (hard=false)
Sep-30 20:47:59.594 [main] DEBUG nextflow.util.ThreadPoolManager - Thread pool 'PublishDir' shutdown completed (hard=false)
Sep-30 20:47:59.596 [main] INFO  nextflow.Nextflow - -[0;35m[nf-core/differentialabundance][0;32m Pipeline completed successfully[0m-
Sep-30 20:47:59.644 [main] DEBUG n.trace.WorkflowStatsObserver - Workflow completed > WorkflowStats[succeededCount=23; failedCount=0; ignoredCount=0; cachedCount=0; pendingCount=0; submittedCount=0; runningCount=0; retriesCount=0; abortedCount=0; succeedDuration=7m 54s; failedDuration=0ms; cachedDuration=0ms;loadCpus=0; loadMemory=0; peakRunning=5; peakCpus=5; peakMemory=30 GB; ]
Sep-30 20:47:59.798 [main] DEBUG nextflow.trace.ReportObserver - Workflow completed -- rendering execution report
Sep-30 20:48:00.204 [main] DEBUG nextflow.trace.TimelineObserver - Workflow completed -- rendering execution timeline
Sep-30 20:48:00.276 [main] DEBUG nextflow.trace.TraceFileObserver - Workflow completed -- saving trace file
Sep-30 20:48:00.279 [main] DEBUG nextflow.cache.CacheDB - Closing CacheDB done
Sep-30 20:48:00.285 [main] INFO  org.pf4j.AbstractPluginManager - Stop plugin 'nf-schema@2.5.1'
Sep-30 20:48:00.285 [main] DEBUG nextflow.plugin.BasePlugin - Plugin stopped nf-schema
Sep-30 20:48:00.286 [main] DEBUG nextflow.util.ThreadPoolManager - Thread pool 'FileTransfer' shutdown completed (hard=false)
Sep-30 20:48:00.287 [main] DEBUG nextflow.script.ScriptRunner - > Execution complete -- Goodbye
